<html>
<body>
<pre>
<h1>礦ision Build Log</h1>
<h2>Tool Versions:</h2>
IDE-Version: μVision V5.30.0.0
Copyright (C) 2020 ARM Ltd and ARM Germany GmbH. All rights reserved.
License Information: xxxx xzhxuzhihao@163.com, xxxx, LIC=8VRJ7-EHV4K-63QMB-27XX1-I4FUM-0US9R
 
Tool Versions:
Toolchain:       MDK-ARM Plus  Version: 5.30.0.0
Toolchain Path:  E:\Program Files\ARM\ARMCC\Bin
C Compiler:      Armcc.exe V5.06 update 6 (build 750)
Assembler:       Armasm.exe V5.06 update 6 (build 750)
Linker/Locator:  ArmLink.exe V5.06 update 6 (build 750)
Library Manager: ArmAr.exe V5.06 update 6 (build 750)
Hex Converter:   FromElf.exe V5.06 update 6 (build 750)
CPU DLL:         SARMCM3.DLL V5.30.0.0
Dialog DLL:      DCM.DLL V1.17.3.0
Target DLL:      CMSIS_AGDI.dll V1.32.5.0
Dialog DLL:      TCM.DLL V1.42.0.0
 
<h2>Project:</h2>
E:\share\VoIP\Project\YH-F429.uvprojx
Project File Date:  12/13/2023

<h2>Output:</h2>
*** Using Compiler 'V5.06 update 6 (build 750)', folder: 'E:\Program Files\ARM\ARMCC\Bin'
Rebuild target 'LwIP'
Note: source file '..\User\libexosip2-5.3.0_bp\src\udp.c' - object file renamed from '..\Output\udp.o' to '..\Output\udp_1.o'.
assembling startup_stm32f429xx.s...
compiling stm32f4xx_hal_dma.c...
compiling stm32f4xx_hal_tim.c...
compiling stm32f4xx_hal_flash_ex.c...
compiling stm32f4xx_hal_gpio.c...
compiling stm32f4xx_hal_flash_ramfunc.c...
compiling stm32f4xx_hal_eth.c...
compiling stm32f4xx_hal_rcc.c...
compiling stm32f4xx_hal_pwr_ex.c...
compiling system_stm32f4xx.c...
compiling stm32f4xx_hal_flash.c...
compiling stm32f4xx_hal_uart.c...
compiling stm32f4xx_hal_rcc_ex.c...
compiling stm32f4xx_hal_usart.c...
compiling stm32f4xx_hal_tim_ex.c...
compiling stm32f4xx_hal_pwr.c...
compiling stm32f4xx_ll_fsmc.c...
compiling udpecho.c...
compiling stm32f4xx_ll_fmc.c...
compiling bsp_debug_usart.c...
compiling stm32f4xx_ll_sdmmc.c...
compiling stm32f4xx_hal_sdram.c...
compiling stm32f4xx_hal_cortex.c...
compiling stm32f4xx_hal.c...
compiling Frame_Responce.c...
..\User\FrameResponce\Frame_Responce.c(56): warning:  #177-D: function "WorkMsg1_OTHER"  was declared but never referenced
  static void WorkMsg1_OTHER(void);
..\User\FrameResponce\Frame_Responce.c: 1 warning, 0 errors
compiling board.c...
compiling stm32f4xx_it.c...
compiling bsp_led.c...
compiling main.c...
..\User\main.c(141): warning:  #177-D: variable "xReturn"  was declared but never referenced
    BaseType_t xReturn = pdPASS;/* 定义一个创建信息返回值，默认为pdPASS */
..\User\main.c(47): warning:  #177-D: variable "Test1_Task_Handle"  was declared but never referenced
  static TaskHandle_t Test1_Task_Handle = NULL;/* LED任务句柄 */
..\User\main.c(48): warning:  #177-D: variable "Test2_Task_Handle"  was declared but never referenced
  static TaskHandle_t Test2_Task_Handle = NULL;/* KEY任务句柄 */
..\User\main.c(49): warning:  #177-D: variable "Board_Hardware_Check_Task_Handle"  was declared but never referenced
  static TaskHandle_t Board_Hardware_Check_Task_Handle = NULL;/* KEY任务句柄 */
..\User\main.c(86): warning:  #177-D: function "Test1_Task"  was declared but never referenced
  static void Test1_Task(void* pvParameters);/* Test1_Task任务实现 */
..\User\main.c(87): warning:  #177-D: function "Test2_Task"  was declared but never referenced
  static void Test2_Task(void* pvParameters);/* Test2_Task任务实现 */
..\User\main.c: 6 warnings, 0 errors
compiling bsp_sdram.c...
compiling bsp_eth.c...
compiling croutine.c...
compiling list.c...
compiling tasks.c...
compiling heap_4.c...
compiling timers.c...
compiling netbuf.c...
compiling event_groups.c...
compiling netdb.c...
compiling err.c...
compiling port.c...
compiling queue.c...
compiling gpio.c...
compiling tcpip.c...
compiling if_api.c...
compiling api_lib.c...
compiling netifapi.c...
compiling altcp.c...
compiling sockets.c...
compiling api_msg.c...
compiling altcp_alloc.c...
compiling netif.c...
compiling dns.c...
compiling altcp_tcp.c...
compiling def.c...
compiling raw.c...
compiling mem.c...
compiling stats.c...
compiling inet_chksum.c...
compiling init.c...
compiling ip.c...
compiling tcp.c...
compiling pbuf.c...
compiling memp.c...
compiling sys.c...
compiling udp.c...
compiling etharp.c...
compiling timeouts.c...
compiling ip4_addr.c...
compiling tcp_in.c...
compiling tcp_out.c...
compiling igmp.c...
compiling icmp.c...
compiling ethernet.c...
compiling cm_backtrace.c...
compiling lowpan6.c...
assembling cmb_fault.S...
compiling autoip.c...
compiling fsm_misc.c...
compiling ip4.c...
compiling dhcp.c...
compiling ict.c...
compiling ict_fsm.c...
compiling ist_fsm.c...
compiling ist.c...
compiling nict.c...
compiling nict_fsm.c...
compiling ip4_frag.c...
compiling nist.c...
compiling osip_time.c...
..\User\libosip2-5.3.0\src\osip2\osip_time.c(167): warning:  #223-D: function "gettimeofday" declared implicitly
    gettimeofday(tp, tz);
..\User\libosip2-5.3.0\src\osip2\osip_time.c(172): warning:  #177-D: function "_osip_gettimeofday_realtime"  was declared but never referenced
  static int _osip_gettimeofday_realtime(struct timeval *tp, void *tz) {
..\User\libosip2-5.3.0\src\osip2\osip_time.c: 2 warnings, 0 errors
compiling nist_fsm.c...
compiling osip.c...
compiling osip_event.c...
compiling port_condv.c...
compiling port_fifo.c...
compiling osip_dialog.c...
compiling port_sema.c...
compiling osip_transaction.c...
..\User\libosip2-5.3.0\src\osip2\osip_transaction.c(830): warning:  #188-D: enumerated type mixed with another type
        return __osip_event_new(TIMER_VAL, transactionid);
..\User\libosip2-5.3.0\src\osip2\osip_transaction.c: 1 warning, 0 errors
compiling lowpan6_ble.c...
compiling port_thread.c...
compiling bridgeif.c...
compiling osip_accept_encoding.c...
compiling osip_accept.c...
compiling osip_accept_language.c...
compiling osip_allow.c...
compiling osip_authentication_info.c...
compiling osip_alert_info.c...
compiling osip_authorization.c...
..\User\libosip2-5.3.0\src\osipparser2\osip_authorization.c(335): warning:  #111-D: statement is unreachable
    return OSIP_SUCCESS; /* ok */
..\User\libosip2-5.3.0\src\osipparser2\osip_authorization.c: 1 warning, 0 errors
compiling osip_body.c...
compiling osip_call_id.c...
compiling osip_contact.c...
compiling osip_call_info.c...
compiling osip_content_encoding.c...
compiling osip_content_disposition.c...
compiling lowpan6_common.c...
compiling osip_content_length.c...
compiling osip_error_info.c...
compiling osip_cseq.c...
compiling osip_content_type.c...
compiling osip_list.c...
compiling osip_header.c...
compiling osip_from.c...
compiling osip_md5c.c...
compiling osip_message.c...
compiling osip_message_parse.c...
..\User\libosip2-5.3.0\src\osipparser2\osip_message_parse.c(675): warning:  #111-D: statement is unreachable
    return OSIP_SYNTAXERROR;
..\User\libosip2-5.3.0\src\osipparser2\osip_message_parse.c(859): warning:  #111-D: statement is unreachable
    return OSIP_SYNTAXERROR;
..\User\libosip2-5.3.0\src\osipparser2\osip_message_parse.c: 2 warnings, 0 errors
compiling zepif.c...
compiling osip_message_to_str.c...
compiling osip_mime_version.c...
compiling osip_record_route.c...
compiling osip_proxy_authenticate.c...
compiling osip_proxy_authorization.c...
compiling osip_proxy_authentication_info.c...
compiling osip_to.c...
compiling osip_route.c...
compiling osip_parser_cfg.c...
compiling osip_uri.c...
compiling osip_via.c...
compiling sys_arch.c...
compiling osip_www_authenticate.c...
..\User\libosip2-5.3.0\src\osipparser2\osip_www_authenticate.c(434): warning:  #111-D: statement is unreachable
    return OSIP_SUCCESS; /* ok */
..\User\libosip2-5.3.0\src\osipparser2\osip_www_authenticate.c: 1 warning, 0 errors
compiling ethernetif.c...
compiling sdp_accessor.c...
compiling sdp_message.c...
compiling eXtl_tls.c...
..\User\libexosip2-5.3.0_bp\src\eXtl_tls.c(3619): warning:  #188-D: enumerated type mixed with another type
    return -1; /* NOT IMPLEMENTED */
..\User\libexosip2-5.3.0_bp\src\eXtl_tls.c(3623): warning:  #188-D: enumerated type mixed with another type
    return -1; /* NOT IMPLEMENTED */
..\User\libexosip2-5.3.0_bp\src\eXtl_tls.c: 2 warnings, 0 errors
compiling eXcall_api.c...
..\User\libexosip2-5.3.0_bp\src\eXcall_api.c(53): warning:  #177-D: variable "at"  was declared but never referenced
  	const time_t * at = NULL;
..\User\libexosip2-5.3.0_bp\src\eXcall_api.c: 1 warning, 0 errors
compiling eXinsubscription_api.c...
compiling osip_port.c...
..\User\libosip2-5.3.0\src\osipparser2\osip_port.c(682): warning:  #111-D: statement is unreachable
      return NULL;
..\User\libosip2-5.3.0\src\osipparser2\osip_port.c(1327): warning:  #1293-D: assignment in condition
    while ((c = *str++))
..\User\libosip2-5.3.0\src\osipparser2\osip_port.c(124): warning:  #177-D: variable "use_syslog"  was declared but never referenced
  static int use_syslog = 0;
..\User\libosip2-5.3.0\src\osipparser2\osip_port.c(125): warning:  #177-D: variable "trace_func"  was declared but never referenced
  static osip_trace_func_t *trace_func = 0;
..\User\libosip2-5.3.0\src\osipparser2\osip_port.c: 4 warnings, 0 errors
compiling eXtransport.c...
compiling eXregister_api.c...
compiling eXtl_dtls.c...
compiling eXmessage_api.c...
compiling eXoptions_api.c...
compiling eXtl_udp.c...
..\User\libexosip2-5.3.0_bp\src\eXtl_udp.c(314): warning:  #177-D: variable "eb"  was declared but never referenced
    char eb[ERRBSIZ];
..\User\libexosip2-5.3.0_bp\src\eXtl_udp.c(457): warning:  #177-D: variable "eb"  was declared but never referenced
    char eb[ERRBSIZ];
..\User\libexosip2-5.3.0_bp\src\eXtl_udp.c(680): warning:  #177-D: variable "eb"  was declared but never referenced
    char eb[ERRBSIZ];
..\User\libexosip2-5.3.0_bp\src\eXtl_udp.c(835): warning:  #177-D: variable "eb"  was declared but never referenced
    char eb[ERRBSIZ];
..\User\libexosip2-5.3.0_bp\src\eXtl_udp.c(1294): warning:  #177-D: variable "eb"  was declared but never referenced
      char eb[ERRBSIZ];
..\User\libexosip2-5.3.0_bp\src\eXtl_udp.c(1106): warning:  #550-D: variable "tid"  was set but never used
    int tid = -1;
..\User\libexosip2-5.3.0_bp\src\eXtl_udp.c(1375): warning:  #177-D: variable "eb"  was declared but never referenced
          char eb[ERRBSIZ];
..\User\libexosip2-5.3.0_bp\src\eXtl_udp.c: 7 warnings, 0 errors
compiling eXosip.c...
..\User\libexosip2-5.3.0_bp\src\eXosip.c(1599): warning:  #186-D: pointless comparison of unsigned integer with zero
              if (jr->r_retry_after_delay < 0)
..\User\libexosip2-5.3.0_bp\src\eXosip.c: 1 warning, 0 errors
compiling eXpublish_api.c...
compiling eXtl_tcp.c...
..\User\libexosip2-5.3.0_bp\src\eXtl_tcp.c(193): warning:  #177-D: variable "eb"  was declared but never referenced
    char eb[ERRBSIZ];
..\User\libexosip2-5.3.0_bp\src\eXtl_tcp.c(523): warning:  #177-D: variable "eb"  was declared but never referenced
    char eb[ERRBSIZ];
..\User\libexosip2-5.3.0_bp\src\eXtl_tcp.c(909): warning:  #177-D: variable "eb"  was declared but never referenced
    char eb[ERRBSIZ];
..\User\libexosip2-5.3.0_bp\src\eXtl_tcp.c(974): warning:  #177-D: variable "eb"  was declared but never referenced
    char eb[ERRBSIZ];
..\User\libexosip2-5.3.0_bp\src\eXtl_tcp.c(1424): warning:  #177-D: variable "eb"  was declared but never referenced
    char eb[ERRBSIZ];
..\User\libexosip2-5.3.0_bp\src\eXtl_tcp.c(1569): warning:  #177-D: variable "host"  was declared but never referenced
    char *host = *out_host;
..\User\libexosip2-5.3.0_bp\src\eXtl_tcp.c(1570): warning:  #177-D: variable "port"  was declared but never referenced
    int port = *out_port;
..\User\libexosip2-5.3.0_bp\src\eXtl_tcp.c(1571): warning:  #177-D: variable "tid"  was declared but never referenced
    int tid = (tr == NULL) ? -1 : tr->transactionid;
..\User\libexosip2-5.3.0_bp\src\eXtl_tcp.c(1740): warning:  #550-D: variable "tid"  was set but never used
    int tid = -1;
..\User\libexosip2-5.3.0_bp\src\eXtl_tcp.c(2324): warning:  #111-D: statement is unreachable
    return OSIP_SUCCESS;
..\User\libexosip2-5.3.0_bp\src\eXtl_tcp.c: 10 warnings, 0 errors
compiling eXconf.c...
..\User\libexosip2-5.3.0_bp\src\eXconf.c(1051): warning:  #111-D: statement is unreachable
    } break;
..\User\libexosip2-5.3.0_bp\src\eXconf.c(1126): warning:  #111-D: statement is unreachable
    } break;
..\User\libexosip2-5.3.0_bp\src\eXconf.c(1147): warning:  #111-D: statement is unreachable
    } break;
..\User\libexosip2-5.3.0_bp\src\eXconf.c(1351): warning:  #177-D: variable "stats"  was declared but never referenced
      struct eXosip_stats *stats = (struct eXosip_stats *) value;
..\User\libexosip2-5.3.0_bp\src\eXconf.c: 4 warnings, 0 errors
compiling eXsubscription_api.c...
compiling milenage.c...
compiling eXutils.c...
..\User\libexosip2-5.3.0_bp\src\eXutils.c(518): warning:  #1293-D: assignment in condition
    for (i = 0; (curr = (struct in_addr *) he->h_addr_list[i]); i++) {
..\User\libexosip2-5.3.0_bp\src\eXutils.c(605): warning:  #68-D: integer conversion resulted in a change of sign
      return INADDR_NONE;
..\User\libexosip2-5.3.0_bp\src\eXutils.c(342): warning:  #177-D: function "naptr_enum_match_and_replace"  was declared but never referenced
  static int naptr_enum_match_and_replace(osip_naptr_t *output_record, osip_srv_record_t *srvrecord) {
..\User\libexosip2-5.3.0_bp\src\eXutils.c(1447): warning:  #177-D: function "osip_srv_record_sort"  was declared but never referenced
  static void osip_srv_record_sort(struct osip_srv_record *rec, int n) {
..\User\libexosip2-5.3.0_bp\src\eXutils.c: 4 warnings, 0 errors
compiling rijndael.c...
compiling jdialog.c...
compiling jcall.c...
compiling inet_ntop.c...
compiling jpublish.c...
compiling jauth.c...
compiling jnotify.c...
compiling jcallback.c...
compiling jevents.c...
..\User\libexosip2-5.3.0_bp\src\jevents.c(196): warning:  #188-D: enumerated type mixed with another type
    (*je)->type = type;
..\User\libexosip2-5.3.0_bp\src\jevents.c: 1 warning, 0 errors
compiling jsubscribe.c...
compiling jpipe.c...
compiling jrequest.c...
compiling jreg.c...
compiling misc.c...
compiling jresponse.c...
compiling sdp_offans.c...
compiling sip_stm_dp.c...
compiling udp.c...
..\User\libexosip2-5.3.0_bp\src\udp.c(2265): warning:  #550-D: variable "did"  was set but never used
      int did = -2;
..\User\libexosip2-5.3.0_bp\src\udp.c: 1 warning, 0 errors
linking...
Program Size: Code=198092 RO-data=7112 RW-data=10112 ZI-data=164240  
FromELF: creating hex file...
"..\Output\YH-F429.axf" - 0 Error(s), 49 Warning(s).

<h2>Software Packages used:</h2>

Package Vendor: Keil
                http://www.keil.com/pack/Keil.STM32F4xx_DFP.2.16.0.pack
                Keil.STM32F4xx_DFP.2.16.0
                STMicroelectronics STM32F4 Series Device Support, Drivers and Examples

<h2>Collection of Component include folders:</h2>
  .\RTE\_LwIP
  E:\Program Files\Keil\STM32F4xx_DFP\2.16.0\Drivers\CMSIS\Device\ST\STM32F4xx\Include

<h2>Collection of Component Files used:</h2>
Build Time Elapsed:  00:02:03
</pre>
</body>
</html>
