<!doctype html public "-//w3c//dtd html 4.0 transitional//en">
<html><head>
<title>Static Call Graph - [..\Output\YH-F429.axf]</title></head>
<body><HR>
<H1>Static Call Graph for image ..\Output\YH-F429.axf</H1><HR>
<BR><P>#&#060CALLGRAPH&#062# ARM Linker, 5060750: Last Updated: Thu Dec 21 16:57:47 2023
<BR><P>
<H3>Maximum Stack Usage =       3376 bytes + Unknown(Cycles, Untraceable Function Pointers)</H3><H3>
Call chain for Maximum Stack Depth:</H3>
udp_tl_read_message &rArr; _udp_read_udp_oc_socket &rArr; _eXosip_handle_incoming_message &rArr; _eXosip_process_newrequest &rArr; _eXosip_process_new_invite &rArr; _eXosip_complete_answer_that_establish_a_dialog &rArr; osip_message_set_contact &rArr; osip_contact_parse &rArr; osip_from_parse &rArr; osip_uri_parse &rArr; osip_uri_parse_headers &rArr; __osip_uri_unescape &rArr; __0sscanf &rArr; __vfscanf_char &rArr; __vfscanf &rArr; _scanf_int
<P>
<H3>
Mutually Recursive functions
</H3> <LI><a href="#[4f]">ADC_IRQHandler</a>&nbsp;&nbsp;&nbsp;&rArr;&nbsp;&nbsp;&nbsp;<a href="#[4f]">ADC_IRQHandler</a><BR>
 <LI><a href="#[386]">netconn_drain</a>&nbsp;&nbsp;&nbsp;&rArr;&nbsp;&nbsp;&nbsp;<a href="#[386]">netconn_drain</a><BR>
 <LI><a href="#[2d7]">lwip_send</a>&nbsp;&nbsp;&nbsp;&rArr;&nbsp;&nbsp;&nbsp;<a href="#[3ab]">lwip_sendto</a><BR>
 <LI><a href="#[273]">_eXosip_getnameinfo</a>&nbsp;&nbsp;&nbsp;&rArr;&nbsp;&nbsp;&nbsp;<a href="#[273]">_eXosip_getnameinfo</a><BR>
</UL>
<P>
<H3>
Function Pointers
</H3><UL>
 <LI><a href="#[4f]">ADC_IRQHandler</a> from startup_stm32f429xx.o(.text) referenced from startup_stm32f429xx.o(RESET)
 <LI><a href="#[bd]">AppTaskCreate</a> from main.o(i.AppTaskCreate) referenced from main.o(i.main)
 <LI><a href="#[37]">BusFault_Handler</a> from stm32f4xx_it.o(i.BusFault_Handler) referenced from startup_stm32f429xx.o(RESET)
 <LI><a href="#[51]">CAN1_RX0_IRQHandler</a> from startup_stm32f429xx.o(.text) referenced from startup_stm32f429xx.o(RESET)
 <LI><a href="#[52]">CAN1_RX1_IRQHandler</a> from startup_stm32f429xx.o(.text) referenced from startup_stm32f429xx.o(RESET)
 <LI><a href="#[53]">CAN1_SCE_IRQHandler</a> from startup_stm32f429xx.o(.text) referenced from startup_stm32f429xx.o(RESET)
 <LI><a href="#[50]">CAN1_TX_IRQHandler</a> from startup_stm32f429xx.o(.text) referenced from startup_stm32f429xx.o(RESET)
 <LI><a href="#[7d]">CAN2_RX0_IRQHandler</a> from startup_stm32f429xx.o(.text) referenced from startup_stm32f429xx.o(RESET)
 <LI><a href="#[7e]">CAN2_RX1_IRQHandler</a> from startup_stm32f429xx.o(.text) referenced from startup_stm32f429xx.o(RESET)
 <LI><a href="#[7f]">CAN2_SCE_IRQHandler</a> from startup_stm32f429xx.o(.text) referenced from startup_stm32f429xx.o(RESET)
 <LI><a href="#[7c]">CAN2_TX_IRQHandler</a> from startup_stm32f429xx.o(.text) referenced from startup_stm32f429xx.o(RESET)
 <LI><a href="#[8b]">DCMI_IRQHandler</a> from startup_stm32f429xx.o(.text) referenced from startup_stm32f429xx.o(RESET)
 <LI><a href="#[48]">DMA1_Stream0_IRQHandler</a> from startup_stm32f429xx.o(.text) referenced from startup_stm32f429xx.o(RESET)
 <LI><a href="#[49]">DMA1_Stream1_IRQHandler</a> from startup_stm32f429xx.o(.text) referenced from startup_stm32f429xx.o(RESET)
 <LI><a href="#[4a]">DMA1_Stream2_IRQHandler</a> from startup_stm32f429xx.o(.text) referenced from startup_stm32f429xx.o(RESET)
 <LI><a href="#[4b]">DMA1_Stream3_IRQHandler</a> from startup_stm32f429xx.o(.text) referenced from startup_stm32f429xx.o(RESET)
 <LI><a href="#[4c]">DMA1_Stream4_IRQHandler</a> from startup_stm32f429xx.o(.text) referenced from startup_stm32f429xx.o(RESET)
 <LI><a href="#[4d]">DMA1_Stream5_IRQHandler</a> from startup_stm32f429xx.o(.text) referenced from startup_stm32f429xx.o(RESET)
 <LI><a href="#[4e]">DMA1_Stream6_IRQHandler</a> from startup_stm32f429xx.o(.text) referenced from startup_stm32f429xx.o(RESET)
 <LI><a href="#[6c]">DMA1_Stream7_IRQHandler</a> from startup_stm32f429xx.o(.text) referenced from startup_stm32f429xx.o(RESET)
 <LI><a href="#[96]">DMA2D_IRQHandler</a> from startup_stm32f429xx.o(.text) referenced from startup_stm32f429xx.o(RESET)
 <LI><a href="#[75]">DMA2_Stream0_IRQHandler</a> from startup_stm32f429xx.o(.text) referenced from startup_stm32f429xx.o(RESET)
 <LI><a href="#[76]">DMA2_Stream1_IRQHandler</a> from startup_stm32f429xx.o(.text) referenced from startup_stm32f429xx.o(RESET)
 <LI><a href="#[77]">DMA2_Stream2_IRQHandler</a> from startup_stm32f429xx.o(.text) referenced from startup_stm32f429xx.o(RESET)
 <LI><a href="#[78]">DMA2_Stream3_IRQHandler</a> from startup_stm32f429xx.o(.text) referenced from startup_stm32f429xx.o(RESET)
 <LI><a href="#[79]">DMA2_Stream4_IRQHandler</a> from startup_stm32f429xx.o(.text) referenced from startup_stm32f429xx.o(RESET)
 <LI><a href="#[81]">DMA2_Stream5_IRQHandler</a> from startup_stm32f429xx.o(.text) referenced from startup_stm32f429xx.o(RESET)
 <LI><a href="#[82]">DMA2_Stream6_IRQHandler</a> from startup_stm32f429xx.o(.text) referenced from startup_stm32f429xx.o(RESET)
 <LI><a href="#[83]">DMA2_Stream7_IRQHandler</a> from startup_stm32f429xx.o(.text) referenced from startup_stm32f429xx.o(RESET)
 <LI><a href="#[3a]">DebugMon_Handler</a> from stm32f4xx_it.o(i.DebugMon_Handler) referenced from startup_stm32f429xx.o(RESET)
 <LI><a href="#[7a]">ETH_IRQHandler</a> from bsp_eth.o(i.ETH_IRQHandler) referenced from startup_stm32f429xx.o(RESET)
 <LI><a href="#[7b]">ETH_WKUP_IRQHandler</a> from startup_stm32f429xx.o(.text) referenced from startup_stm32f429xx.o(RESET)
 <LI><a href="#[43]">EXTI0_IRQHandler</a> from startup_stm32f429xx.o(.text) referenced from startup_stm32f429xx.o(RESET)
 <LI><a href="#[65]">EXTI15_10_IRQHandler</a> from startup_stm32f429xx.o(.text) referenced from startup_stm32f429xx.o(RESET)
 <LI><a href="#[44]">EXTI1_IRQHandler</a> from startup_stm32f429xx.o(.text) referenced from startup_stm32f429xx.o(RESET)
 <LI><a href="#[45]">EXTI2_IRQHandler</a> from startup_stm32f429xx.o(.text) referenced from startup_stm32f429xx.o(RESET)
 <LI><a href="#[46]">EXTI3_IRQHandler</a> from startup_stm32f429xx.o(.text) referenced from startup_stm32f429xx.o(RESET)
 <LI><a href="#[47]">EXTI4_IRQHandler</a> from startup_stm32f429xx.o(.text) referenced from startup_stm32f429xx.o(RESET)
 <LI><a href="#[54]">EXTI9_5_IRQHandler</a> from startup_stm32f429xx.o(.text) referenced from startup_stm32f429xx.o(RESET)
 <LI><a href="#[41]">FLASH_IRQHandler</a> from startup_stm32f429xx.o(.text) referenced from startup_stm32f429xx.o(RESET)
 <LI><a href="#[6d]">FMC_IRQHandler</a> from startup_stm32f429xx.o(.text) referenced from startup_stm32f429xx.o(RESET)
 <LI><a href="#[8d]">FPU_IRQHandler</a> from startup_stm32f429xx.o(.text) referenced from startup_stm32f429xx.o(RESET)
 <LI><a href="#[8c]">HASH_RNG_IRQHandler</a> from startup_stm32f429xx.o(.text) referenced from startup_stm32f429xx.o(RESET)
 <LI><a href="#[35]">HardFault_Handler</a> from cmb_fault.o(.text) referenced from startup_stm32f429xx.o(RESET)
 <LI><a href="#[5d]">I2C1_ER_IRQHandler</a> from startup_stm32f429xx.o(.text) referenced from startup_stm32f429xx.o(RESET)
 <LI><a href="#[5c]">I2C1_EV_IRQHandler</a> from startup_stm32f429xx.o(.text) referenced from startup_stm32f429xx.o(RESET)
 <LI><a href="#[5f]">I2C2_ER_IRQHandler</a> from startup_stm32f429xx.o(.text) referenced from startup_stm32f429xx.o(RESET)
 <LI><a href="#[5e]">I2C2_EV_IRQHandler</a> from startup_stm32f429xx.o(.text) referenced from startup_stm32f429xx.o(RESET)
 <LI><a href="#[86]">I2C3_ER_IRQHandler</a> from startup_stm32f429xx.o(.text) referenced from startup_stm32f429xx.o(RESET)
 <LI><a href="#[85]">I2C3_EV_IRQHandler</a> from startup_stm32f429xx.o(.text) referenced from startup_stm32f429xx.o(RESET)
 <LI><a href="#[95]">LTDC_ER_IRQHandler</a> from startup_stm32f429xx.o(.text) referenced from startup_stm32f429xx.o(RESET)
 <LI><a href="#[94]">LTDC_IRQHandler</a> from startup_stm32f429xx.o(.text) referenced from startup_stm32f429xx.o(RESET)
 <LI><a href="#[36]">MemManage_Handler</a> from stm32f4xx_it.o(i.MemManage_Handler) referenced from startup_stm32f429xx.o(RESET)
 <LI><a href="#[34]">NMI_Handler</a> from stm32f4xx_it.o(i.NMI_Handler) referenced from startup_stm32f429xx.o(RESET)
 <LI><a href="#[80]">OTG_FS_IRQHandler</a> from startup_stm32f429xx.o(.text) referenced from startup_stm32f429xx.o(RESET)
 <LI><a href="#[67]">OTG_FS_WKUP_IRQHandler</a> from startup_stm32f429xx.o(.text) referenced from startup_stm32f429xx.o(RESET)
 <LI><a href="#[88]">OTG_HS_EP1_IN_IRQHandler</a> from startup_stm32f429xx.o(.text) referenced from startup_stm32f429xx.o(RESET)
 <LI><a href="#[87]">OTG_HS_EP1_OUT_IRQHandler</a> from startup_stm32f429xx.o(.text) referenced from startup_stm32f429xx.o(RESET)
 <LI><a href="#[8a]">OTG_HS_IRQHandler</a> from startup_stm32f429xx.o(.text) referenced from startup_stm32f429xx.o(RESET)
 <LI><a href="#[89]">OTG_HS_WKUP_IRQHandler</a> from startup_stm32f429xx.o(.text) referenced from startup_stm32f429xx.o(RESET)
 <LI><a href="#[3e]">PVD_IRQHandler</a> from startup_stm32f429xx.o(.text) referenced from startup_stm32f429xx.o(RESET)
 <LI><a href="#[3b]">PendSV_Handler</a> from port.o(.emb_text) referenced from startup_stm32f429xx.o(RESET)
 <LI><a href="#[42]">RCC_IRQHandler</a> from startup_stm32f429xx.o(.text) referenced from startup_stm32f429xx.o(RESET)
 <LI><a href="#[66]">RTC_Alarm_IRQHandler</a> from startup_stm32f429xx.o(.text) referenced from startup_stm32f429xx.o(RESET)
 <LI><a href="#[40]">RTC_WKUP_IRQHandler</a> from startup_stm32f429xx.o(.text) referenced from startup_stm32f429xx.o(RESET)
 <LI><a href="#[33]">Reset_Handler</a> from startup_stm32f429xx.o(.text) referenced from startup_stm32f429xx.o(RESET)
 <LI><a href="#[93]">SAI1_IRQHandler</a> from startup_stm32f429xx.o(.text) referenced from startup_stm32f429xx.o(RESET)
 <LI><a href="#[6e]">SDIO_IRQHandler</a> from startup_stm32f429xx.o(.text) referenced from startup_stm32f429xx.o(RESET)
 <LI><a href="#[60]">SPI1_IRQHandler</a> from startup_stm32f429xx.o(.text) referenced from startup_stm32f429xx.o(RESET)
 <LI><a href="#[61]">SPI2_IRQHandler</a> from startup_stm32f429xx.o(.text) referenced from startup_stm32f429xx.o(RESET)
 <LI><a href="#[70]">SPI3_IRQHandler</a> from startup_stm32f429xx.o(.text) referenced from startup_stm32f429xx.o(RESET)
 <LI><a href="#[90]">SPI4_IRQHandler</a> from startup_stm32f429xx.o(.text) referenced from startup_stm32f429xx.o(RESET)
 <LI><a href="#[91]">SPI5_IRQHandler</a> from startup_stm32f429xx.o(.text) referenced from startup_stm32f429xx.o(RESET)
 <LI><a href="#[92]">SPI6_IRQHandler</a> from startup_stm32f429xx.o(.text) referenced from startup_stm32f429xx.o(RESET)
 <LI><a href="#[39]">SVC_Handler</a> from port.o(.emb_text) referenced from startup_stm32f429xx.o(RESET)
 <LI><a href="#[3c]">SysTick_Handler</a> from stm32f4xx_it.o(i.SysTick_Handler) referenced from startup_stm32f429xx.o(RESET)
 <LI><a href="#[98]">SystemInit</a> from system_stm32f4xx.o(i.SystemInit) referenced from startup_stm32f429xx.o(.text)
 <LI><a href="#[3f]">TAMP_STAMP_IRQHandler</a> from startup_stm32f429xx.o(.text) referenced from startup_stm32f429xx.o(RESET)
 <LI><a href="#[55]">TIM1_BRK_TIM9_IRQHandler</a> from startup_stm32f429xx.o(.text) referenced from startup_stm32f429xx.o(RESET)
 <LI><a href="#[58]">TIM1_CC_IRQHandler</a> from startup_stm32f429xx.o(.text) referenced from startup_stm32f429xx.o(RESET)
 <LI><a href="#[57]">TIM1_TRG_COM_TIM11_IRQHandler</a> from startup_stm32f429xx.o(.text) referenced from startup_stm32f429xx.o(RESET)
 <LI><a href="#[56]">TIM1_UP_TIM10_IRQHandler</a> from startup_stm32f429xx.o(.text) referenced from startup_stm32f429xx.o(RESET)
 <LI><a href="#[59]">TIM2_IRQHandler</a> from startup_stm32f429xx.o(.text) referenced from startup_stm32f429xx.o(RESET)
 <LI><a href="#[5a]">TIM3_IRQHandler</a> from startup_stm32f429xx.o(.text) referenced from startup_stm32f429xx.o(RESET)
 <LI><a href="#[5b]">TIM4_IRQHandler</a> from startup_stm32f429xx.o(.text) referenced from startup_stm32f429xx.o(RESET)
 <LI><a href="#[6f]">TIM5_IRQHandler</a> from startup_stm32f429xx.o(.text) referenced from startup_stm32f429xx.o(RESET)
 <LI><a href="#[73]">TIM6_DAC_IRQHandler</a> from startup_stm32f429xx.o(.text) referenced from startup_stm32f429xx.o(RESET)
 <LI><a href="#[74]">TIM7_IRQHandler</a> from startup_stm32f429xx.o(.text) referenced from startup_stm32f429xx.o(RESET)
 <LI><a href="#[68]">TIM8_BRK_TIM12_IRQHandler</a> from startup_stm32f429xx.o(.text) referenced from startup_stm32f429xx.o(RESET)
 <LI><a href="#[6b]">TIM8_CC_IRQHandler</a> from startup_stm32f429xx.o(.text) referenced from startup_stm32f429xx.o(RESET)
 <LI><a href="#[6a]">TIM8_TRG_COM_TIM14_IRQHandler</a> from startup_stm32f429xx.o(.text) referenced from startup_stm32f429xx.o(RESET)
 <LI><a href="#[69]">TIM8_UP_TIM13_IRQHandler</a> from startup_stm32f429xx.o(.text) referenced from startup_stm32f429xx.o(RESET)
 <LI><a href="#[71]">UART4_IRQHandler</a> from startup_stm32f429xx.o(.text) referenced from startup_stm32f429xx.o(RESET)
 <LI><a href="#[72]">UART5_IRQHandler</a> from startup_stm32f429xx.o(.text) referenced from startup_stm32f429xx.o(RESET)
 <LI><a href="#[8e]">UART7_IRQHandler</a> from startup_stm32f429xx.o(.text) referenced from startup_stm32f429xx.o(RESET)
 <LI><a href="#[8f]">UART8_IRQHandler</a> from startup_stm32f429xx.o(.text) referenced from startup_stm32f429xx.o(RESET)
 <LI><a href="#[9e]">UART_DMAAbortOnError</a> from stm32f4xx_hal_uart.o(i.UART_DMAAbortOnError) referenced from stm32f4xx_hal_uart.o(i.HAL_UART_IRQHandler)
 <LI><a href="#[62]">USART1_IRQHandler</a> from bsp_debug_usart.o(i.USART1_IRQHandler) referenced from startup_stm32f429xx.o(RESET)
 <LI><a href="#[63]">USART2_IRQHandler</a> from startup_stm32f429xx.o(.text) referenced from startup_stm32f429xx.o(RESET)
 <LI><a href="#[64]">USART3_IRQHandler</a> from startup_stm32f429xx.o(.text) referenced from startup_stm32f429xx.o(RESET)
 <LI><a href="#[84]">USART6_IRQHandler</a> from startup_stm32f429xx.o(.text) referenced from startup_stm32f429xx.o(RESET)
 <LI><a href="#[38]">UsageFault_Handler</a> from stm32f4xx_it.o(i.UsageFault_Handler) referenced from startup_stm32f429xx.o(RESET)
 <LI><a href="#[3d]">WWDG_IRQHandler</a> from startup_stm32f429xx.o(.text) referenced from startup_stm32f429xx.o(RESET)
 <LI><a href="#[99]">__main</a> from entry.o(.ARM.Collect$$$$00000000) referenced from startup_stm32f429xx.o(.text)
 <LI><a href="#[9b]">_sbackspace</a> from _sgetc.o(.text) referenced from __0sscanf.o(.text)
 <LI><a href="#[9c]">_scanf_char_input</a> from scanf_char.o(.text) referenced from scanf_char.o(.text)
 <LI><a href="#[9a]">_sgetc</a> from _sgetc.o(.text) referenced from __0sscanf.o(.text)
 <LI><a href="#[a2]">_snputc</a> from printfa.o(i._snputc) referenced from printfa.o(i.__0snprintf)
 <LI><a href="#[a2]">_snputc</a> from printfa.o(i._snputc) referenced from printfa.o(i.__0vsnprintf)
 <LI><a href="#[a3]">_sputc</a> from printfa.o(i._sputc) referenced from printfa.o(i.__0sprintf)
 <LI><a href="#[a7]">cb_rcv1xx</a> from jcallback.o(i.cb_rcv1xx) referenced from jcallback.o(i._eXosip_set_callbacks)
 <LI><a href="#[a8]">cb_rcv2xx</a> from jcallback.o(i.cb_rcv2xx) referenced from jcallback.o(i._eXosip_set_callbacks)
 <LI><a href="#[a9]">cb_rcv3xx</a> from jcallback.o(i.cb_rcv3xx) referenced from jcallback.o(i._eXosip_set_callbacks)
 <LI><a href="#[aa]">cb_rcv4xx</a> from jcallback.o(i.cb_rcv4xx) referenced from jcallback.o(i._eXosip_set_callbacks)
 <LI><a href="#[ab]">cb_rcv5xx</a> from jcallback.o(i.cb_rcv5xx) referenced from jcallback.o(i._eXosip_set_callbacks)
 <LI><a href="#[ac]">cb_rcv6xx</a> from jcallback.o(i.cb_rcv6xx) referenced from jcallback.o(i._eXosip_set_callbacks)
 <LI><a href="#[ae]">cb_rcvcancel</a> from jcallback.o(i.cb_rcvcancel) referenced from jcallback.o(i._eXosip_set_callbacks)
 <LI><a href="#[af]">cb_rcvregister</a> from jcallback.o(i.cb_rcvregister) referenced from jcallback.o(i._eXosip_set_callbacks)
 <LI><a href="#[b0]">cb_rcvrequest</a> from jcallback.o(i.cb_rcvrequest) referenced from jcallback.o(i._eXosip_set_callbacks)
 <LI><a href="#[ad]">cb_snd123456xx</a> from jcallback.o(i.cb_snd123456xx) referenced from jcallback.o(i._eXosip_set_callbacks)
 <LI><a href="#[a5]">cb_snd_message</a> from jcallback.o(i.cb_snd_message) referenced from jcallback.o(i._eXosip_set_callbacks)
 <LI><a href="#[b1]">cb_transport_error</a> from jcallback.o(i.cb_transport_error) referenced from jcallback.o(i._eXosip_set_callbacks)
 <LI><a href="#[a6]">cb_xixt_kill_transaction</a> from jcallback.o(i.cb_xixt_kill_transaction) referenced from jcallback.o(i._eXosip_set_callbacks)
 <LI><a href="#[ba]">err_tcp</a> from api_msg.o(i.err_tcp) referenced from api_msg.o(i.lwip_netconn_do_close_internal)
 <LI><a href="#[ba]">err_tcp</a> from api_msg.o(i.err_tcp) referenced from api_msg.o(i.setup_tcp)
 <LI><a href="#[b2]">etharp_output</a> from etharp.o(i.etharp_output) referenced from ethernetif.o(i.ethernetif_init)
 <LI><a href="#[f1]">etharp_tmr</a> from etharp.o(i.etharp_tmr) referenced from timeouts.o(.constdata)
 <LI><a href="#[eb]">ethernet_input</a> from ethernet.o(i.ethernet_input) referenced from tcpip.o(i.tcpip_input)
 <LI><a href="#[a0]">ethernetif_init</a> from ethernetif.o(i.ethernetif_init) referenced from sys_arch.o(i.TCPIP_Init)
 <LI><a href="#[b6]">ethernetif_input</a> from ethernetif.o(i.ethernetif_input) referenced from ethernetif.o(i.low_level_init)
 <LI><a href="#[bc]">event_callback</a> from sockets.o(i.event_callback) referenced from sockets.o(i.lwip_socket)
 <LI><a href="#[a1]">fputc</a> from bsp_debug_usart.o(i.fputc) referenced from printfa.o(i.__0printf)
 <LI><a href="#[3]">ict_rcv_1xx</a> from ict_fsm.o(i.ict_rcv_1xx) referenced 4 times from ict_fsm.o(.data)
 <LI><a href="#[4]">ict_rcv_2xx</a> from ict_fsm.o(i.ict_rcv_2xx) referenced 4 times from ict_fsm.o(.data)
 <LI><a href="#[5]">ict_rcv_3456xx</a> from ict_fsm.o(i.ict_rcv_3456xx) referenced 4 times from ict_fsm.o(.data)
 <LI><a href="#[6]">ict_retransmit_ack</a> from ict_fsm.o(i.ict_retransmit_ack) referenced 2 times from ict_fsm.o(.data)
 <LI><a href="#[0]">ict_snd_invite</a> from ict_fsm.o(i.ict_snd_invite) referenced 2 times from ict_fsm.o(.data)
 <LI><a href="#[ec]">ip4_input</a> from ip4.o(i.ip4_input) referenced from tcpip.o(i.tcpip_input)
 <LI><a href="#[f0]">ip_reass_tmr</a> from ip4_frag.o(i.ip_reass_tmr) referenced from timeouts.o(.constdata)
 <LI><a href="#[b5]">ipfrag_free_pbuf_custom</a> from ip4_frag.o(i.ipfrag_free_pbuf_custom) referenced from ip4_frag.o(i.ip4_frag)
 <LI><a href="#[9d]">isspace</a> from isspace_o.o(.text) referenced from scanf_char.o(.text)
 <LI><a href="#[e]">ist_rcv_ack</a> from ist_fsm.o(i.ist_rcv_ack) referenced 4 times from ist_fsm.o(.data)
 <LI><a href="#[8]">ist_rcv_invite</a> from ist_fsm.o(i.ist_rcv_invite) referenced 6 times from ist_fsm.o(.data)
 <LI><a href="#[b]">ist_snd_1xx</a> from ist_fsm.o(i.ist_snd_1xx) referenced 2 times from ist_fsm.o(.data)
 <LI><a href="#[c]">ist_snd_2xx</a> from ist_fsm.o(i.ist_snd_2xx) referenced 2 times from ist_fsm.o(.data)
 <LI><a href="#[d]">ist_snd_3456xx</a> from ist_fsm.o(i.ist_snd_3456xx) referenced 2 times from ist_fsm.o(.data)
 <LI><a href="#[b3]">low_level_output</a> from ethernetif.o(i.low_level_output) referenced from ethernetif.o(i.ethernetif_init)
 <LI><a href="#[b7]">lwip_cyclic_timer</a> from timeouts.o(i.lwip_cyclic_timer) referenced from timeouts.o(i.lwip_cyclic_timer)
 <LI><a href="#[b7]">lwip_cyclic_timer</a> from timeouts.o(i.lwip_cyclic_timer) referenced from timeouts.o(i.sys_timeouts_init)
 <LI><a href="#[be]">lwip_netconn_do_bind</a> from api_msg.o(i.lwip_netconn_do_bind) referenced from api_lib.o(i.netconn_bind)
 <LI><a href="#[bf]">lwip_netconn_do_close</a> from api_msg.o(i.lwip_netconn_do_close) referenced from api_lib.o(i.netconn_close_shutdown)
 <LI><a href="#[c0]">lwip_netconn_do_connect</a> from api_msg.o(i.lwip_netconn_do_connect) referenced from api_lib.o(i.netconn_connect)
 <LI><a href="#[bb]">lwip_netconn_do_connected</a> from api_msg.o(i.lwip_netconn_do_connected) referenced from api_msg.o(i.lwip_netconn_do_connect)
 <LI><a href="#[c4]">lwip_netconn_do_delconn</a> from api_msg.o(i.lwip_netconn_do_delconn) referenced from api_lib.o(i.netconn_prepare_delete)
 <LI><a href="#[c1]">lwip_netconn_do_disconnect</a> from api_msg.o(i.lwip_netconn_do_disconnect) referenced from api_lib.o(i.netconn_disconnect)
 <LI><a href="#[c2]">lwip_netconn_do_getaddr</a> from api_msg.o(i.lwip_netconn_do_getaddr) referenced from api_lib.o(i.netconn_getaddr)
 <LI><a href="#[c3]">lwip_netconn_do_newconn</a> from api_msg.o(i.lwip_netconn_do_newconn) referenced from api_lib.o(i.netconn_new_with_proto_and_callback)
 <LI><a href="#[c6]">lwip_netconn_do_recv</a> from api_msg.o(i.lwip_netconn_do_recv) referenced from api_lib.o(i.netconn_tcp_recvd_msg)
 <LI><a href="#[c5]">lwip_netconn_do_send</a> from api_msg.o(i.lwip_netconn_do_send) referenced from api_lib.o(i.netconn_send)
 <LI><a href="#[c7]">lwip_netconn_do_write</a> from api_msg.o(i.lwip_netconn_do_write) referenced from api_lib.o(i.netconn_write_vectors_partly)
 <LI><a href="#[97]">main</a> from main.o(i.main) referenced from entry9a.o(.ARM.Collect$$$$0000000B)
 <LI><a href="#[c8]">netif_null_output_ip4</a> from netif.o(i.netif_null_output_ip4) referenced from netif.o(i.netif_add)
 <LI><a href="#[13]">nict_rcv_1xx</a> from nict_fsm.o(i.nict_rcv_1xx) referenced 4 times from nict_fsm.o(.data)
 <LI><a href="#[14]">nict_rcv_23456xx</a> from nict_fsm.o(i.nict_rcv_23456xx) referenced 8 times from nict_fsm.o(.data)
 <LI><a href="#[10]">nict_snd_request</a> from nict_fsm.o(i.nict_snd_request) referenced 2 times from nict_fsm.o(.data)
 <LI><a href="#[16]">nist_rcv_request</a> from nist_fsm.o(i.nist_rcv_request) referenced 6 times from nist_fsm.o(.data)
 <LI><a href="#[17]">nist_snd_1xx</a> from nist_fsm.o(i.nist_snd_1xx) referenced 4 times from nist_fsm.o(.data)
 <LI><a href="#[18]">nist_snd_23456xx</a> from nist_fsm.o(i.nist_snd_23456xx) referenced 8 times from nist_fsm.o(.data)
 <LI><a href="#[b4]">osip_authorization_clone</a> from osip_authorization.o(i.osip_authorization_clone) referenced from ict_fsm.o(i.ict_create_ack)
 <LI><a href="#[b4]">osip_authorization_clone</a> from osip_authorization.o(i.osip_authorization_clone) referenced from osip_message.o(i.osip_message_clone)
 <LI><a href="#[a4]">osip_authorization_free</a> from osip_authorization.o(i.osip_authorization_free) referenced from excall_api.o(i._eXosip_call_retry_request)
 <LI><a href="#[a4]">osip_authorization_free</a> from osip_authorization.o(i.osip_authorization_free) referenced from exregister_api.o(i._eXosip_register_build_register)
 <LI><a href="#[a4]">osip_authorization_free</a> from osip_authorization.o(i.osip_authorization_free) referenced from osip_message.o(i.osip_message_free)
 <LI><a href="#[f7]">osip_authorization_to_str</a> from osip_authorization.o(i.osip_authorization_to_str) referenced 2 times from osip_message_to_str.o(.constdata)
 <LI><a href="#[d1]">osip_body_clone</a> from osip_body.o(i.osip_body_clone) referenced from osip_message.o(i.osip_message_clone)
 <LI><a href="#[d5]">osip_body_free</a> from osip_body.o(i.osip_body_free) referenced from osip_message.o(i.osip_message_free)
 <LI><a href="#[f4]">osip_call_id_to_str</a> from osip_call_id.o(i.osip_call_id_to_str) referenced from osip_message_to_str.o(.constdata)
 <LI><a href="#[cd]">osip_call_info_clone</a> from osip_call_info.o(i.osip_call_info_clone) referenced from osip_message.o(i.osip_message_clone)
 <LI><a href="#[d2]">osip_call_info_free</a> from osip_call_info.o(i.osip_call_info_free) referenced from osip_message.o(i.osip_message_free)
 <LI><a href="#[f9]">osip_call_info_to_str</a> from osip_call_info.o(i.osip_call_info_to_str) referenced from osip_message_to_str.o(.constdata)
 <LI><a href="#[f6]">osip_contact_to_str</a> from osip_contact.o(i.osip_contact_to_str) referenced from osip_message_to_str.o(.constdata)
 <LI><a href="#[fb]">osip_content_length_to_str</a> from osip_content_length.o(i.osip_content_length_to_str) referenced from osip_message_to_str.o(.constdata)
 <LI><a href="#[fa]">osip_content_type_to_str</a> from osip_content_type.o(i.osip_content_type_to_str) referenced from osip_message_to_str.o(.constdata)
 <LI><a href="#[f5]">osip_cseq_to_str</a> from osip_cseq.o(i.osip_cseq_to_str) referenced from osip_message_to_str.o(.constdata)
 <LI><a href="#[ce]">osip_from_clone</a> from osip_from.o(i.osip_from_clone) referenced from osip_message.o(i.osip_message_clone)
 <LI><a href="#[cc]">osip_from_free</a> from osip_from.o(i.osip_from_free) referenced from osip_dialog.o(i.osip_dialog_free)
 <LI><a href="#[cc]">osip_from_free</a> from osip_from.o(i.osip_from_free) referenced from osip_dialog.o(i.osip_dialog_update_route_set_as_uac)
 <LI><a href="#[cc]">osip_from_free</a> from osip_from.o(i.osip_from_free) referenced from osip_message.o(i.osip_message_free)
 <LI><a href="#[f3]">osip_from_to_str</a> from osip_from.o(i.osip_from_to_str) referenced 4 times from osip_message_to_str.o(.constdata)
 <LI><a href="#[c9]">osip_header_clone</a> from osip_header.o(i.osip_header_clone) referenced from osip_body.o(i.osip_body_clone)
 <LI><a href="#[c9]">osip_header_clone</a> from osip_header.o(i.osip_header_clone) referenced from osip_message.o(i.osip_message_clone)
 <LI><a href="#[ca]">osip_header_free</a> from osip_header.o(i.osip_header_free) referenced from osip_body.o(i.osip_body_free)
 <LI><a href="#[ca]">osip_header_free</a> from osip_header.o(i.osip_header_free) referenced from osip_message.o(i.osip_message_free)
 <LI><a href="#[1]">osip_ict_timeout_a_event</a> from ict_fsm.o(i.osip_ict_timeout_a_event) referenced 2 times from ict_fsm.o(.data)
 <LI><a href="#[2]">osip_ict_timeout_b_event</a> from ict_fsm.o(i.osip_ict_timeout_b_event) referenced 2 times from ict_fsm.o(.data)
 <LI><a href="#[7]">osip_ict_timeout_d_event</a> from ict_fsm.o(i.osip_ict_timeout_d_event) referenced 2 times from ict_fsm.o(.data)
 <LI><a href="#[9]">osip_ist_timeout_g_event</a> from ist_fsm.o(i.osip_ist_timeout_g_event) referenced 2 times from ist_fsm.o(.data)
 <LI><a href="#[a]">osip_ist_timeout_h_event</a> from ist_fsm.o(i.osip_ist_timeout_h_event) referenced 2 times from ist_fsm.o(.data)
 <LI><a href="#[f]">osip_ist_timeout_i_event</a> from ist_fsm.o(i.osip_ist_timeout_i_event) referenced 2 times from ist_fsm.o(.data)
 <LI><a href="#[d6]">osip_message_set_authorization</a> from osip_authorization.o(i.osip_message_set_authorization) referenced from osip_parser_cfg.o(i.parser_init)
 <LI><a href="#[d8]">osip_message_set_call_id</a> from osip_call_id.o(i.osip_message_set_call_id) referenced from osip_parser_cfg.o(i.parser_init)
 <LI><a href="#[d9]">osip_message_set_contact</a> from osip_contact.o(i.osip_message_set_contact) referenced from osip_parser_cfg.o(i.parser_init)
 <LI><a href="#[da]">osip_message_set_content_length</a> from osip_content_length.o(i.osip_message_set_content_length) referenced from osip_parser_cfg.o(i.parser_init)
 <LI><a href="#[d7]">osip_message_set_content_type</a> from osip_content_type.o(i.osip_message_set_content_type) referenced from osip_parser_cfg.o(i.parser_init)
 <LI><a href="#[db]">osip_message_set_cseq</a> from osip_cseq.o(i.osip_message_set_cseq) referenced from osip_parser_cfg.o(i.parser_init)
 <LI><a href="#[dc]">osip_message_set_from</a> from osip_from.o(i.osip_message_set_from) referenced from osip_parser_cfg.o(i.parser_init)
 <LI><a href="#[dd]">osip_message_set_mime_version</a> from osip_mime_version.o(i.osip_message_set_mime_version) referenced from osip_parser_cfg.o(i.parser_init)
 <LI><a href="#[de]">osip_message_set_proxy_authenticate</a> from osip_proxy_authenticate.o(i.osip_message_set_proxy_authenticate) referenced from osip_parser_cfg.o(i.parser_init)
 <LI><a href="#[df]">osip_message_set_proxy_authorization</a> from osip_proxy_authorization.o(i.osip_message_set_proxy_authorization) referenced from osip_parser_cfg.o(i.parser_init)
 <LI><a href="#[e0]">osip_message_set_record_route</a> from osip_record_route.o(i.osip_message_set_record_route) referenced from osip_parser_cfg.o(i.parser_init)
 <LI><a href="#[e1]">osip_message_set_route</a> from osip_route.o(i.osip_message_set_route) referenced from osip_parser_cfg.o(i.parser_init)
 <LI><a href="#[e2]">osip_message_set_to</a> from osip_to.o(i.osip_message_set_to) referenced 2 times from osip_parser_cfg.o(i.parser_init)
 <LI><a href="#[e3]">osip_message_set_via</a> from osip_via.o(i.osip_message_set_via) referenced from osip_parser_cfg.o(i.parser_init)
 <LI><a href="#[e4]">osip_message_set_www_authenticate</a> from osip_www_authenticate.o(i.osip_message_set_www_authenticate) referenced from osip_parser_cfg.o(i.parser_init)
 <LI><a href="#[12]">osip_nict_timeout_e_event</a> from nict_fsm.o(i.osip_nict_timeout_e_event) referenced 4 times from nict_fsm.o(.data)
 <LI><a href="#[11]">osip_nict_timeout_f_event</a> from nict_fsm.o(i.osip_nict_timeout_f_event) referenced 4 times from nict_fsm.o(.data)
 <LI><a href="#[15]">osip_nict_timeout_k_event</a> from nict_fsm.o(i.osip_nict_timeout_k_event) referenced 2 times from nict_fsm.o(.data)
 <LI><a href="#[19]">osip_nist_timeout_j_event</a> from nist_fsm.o(i.osip_nist_timeout_j_event) referenced 2 times from nist_fsm.o(.data)
 <LI><a href="#[cb]">osip_uri_param_clone</a> from osip_uri.o(i.osip_uri_param_clone) referenced from osip_call_info.o(i.osip_call_info_clone)
 <LI><a href="#[cb]">osip_uri_param_clone</a> from osip_uri.o(i.osip_uri_param_clone) referenced from osip_from.o(i.osip_from_clone)
 <LI><a href="#[cb]">osip_uri_param_clone</a> from osip_uri.o(i.osip_uri_param_clone) referenced from osip_uri.o(i.osip_uri_clone)
 <LI><a href="#[cb]">osip_uri_param_clone</a> from osip_uri.o(i.osip_uri_param_clone) referenced from osip_via.o(i.osip_via_clone)
 <LI><a href="#[d0]">osip_via_clone</a> from osip_via.o(i.osip_via_clone) referenced from osip_message.o(i.osip_message_clone)
 <LI><a href="#[d4]">osip_via_free</a> from osip_via.o(i.osip_via_free) referenced from osip_message.o(i.osip_message_free)
 <LI><a href="#[f2]">osip_via_to_str</a> from osip_via.o(i.osip_via_to_str) referenced from osip_message_to_str.o(.constdata)
 <LI><a href="#[cf]">osip_www_authenticate_clone</a> from osip_www_authenticate.o(i.osip_www_authenticate_clone) referenced from osip_message.o(i.osip_message_clone)
 <LI><a href="#[d3]">osip_www_authenticate_free</a> from osip_www_authenticate.o(i.osip_www_authenticate_free) referenced from osip_message.o(i.osip_message_free)
 <LI><a href="#[f8]">osip_www_authenticate_to_str</a> from osip_www_authenticate.o(i.osip_www_authenticate_to_str) referenced 2 times from osip_message_to_str.o(.constdata)
 <LI><a href="#[b9]">poll_tcp</a> from api_msg.o(i.poll_tcp) referenced from api_msg.o(i.lwip_netconn_do_close_internal)
 <LI><a href="#[b9]">poll_tcp</a> from api_msg.o(i.poll_tcp) referenced from api_msg.o(i.setup_tcp)
 <LI><a href="#[ee]">prvIdleTask</a> from tasks.o(i.prvIdleTask) referenced from tasks.o(i.vTaskStartScheduler)
 <LI><a href="#[e6]">prvTaskExitError</a> from port.o(i.prvTaskExitError) referenced from port.o(i.pxPortInitialiseStack)
 <LI><a href="#[e7]">recv_tcp</a> from api_msg.o(i.recv_tcp) referenced from api_msg.o(i.setup_tcp)
 <LI><a href="#[e5]">recv_udp</a> from api_msg.o(i.recv_udp) referenced from api_msg.o(i.pcb_new)
 <LI><a href="#[b8]">sent_tcp</a> from api_msg.o(i.sent_tcp) referenced from api_msg.o(i.lwip_netconn_do_close_internal)
 <LI><a href="#[b8]">sent_tcp</a> from api_msg.o(i.sent_tcp) referenced from api_msg.o(i.setup_tcp)
 <LI><a href="#[e8]">tcp_recv_null</a> from tcp.o(i.tcp_recv_null) referenced from tcp.o(i.tcp_alloc)
 <LI><a href="#[26]">tcp_tl_check_connection</a> from extl_tcp.o(i.tcp_tl_check_connection) referenced 2 times from extl_tcp.o(.data)
 <LI><a href="#[1b]">tcp_tl_free</a> from extl_tcp.o(i.tcp_tl_free) referenced 2 times from extl_tcp.o(.data)
 <LI><a href="#[23]">tcp_tl_get_masquerade_contact</a> from extl_tcp.o(i.tcp_tl_get_masquerade_contact) referenced 2 times from extl_tcp.o(.data)
 <LI><a href="#[1a]">tcp_tl_init</a> from extl_tcp.o(i.tcp_tl_init) referenced 2 times from extl_tcp.o(.data)
 <LI><a href="#[20]">tcp_tl_keepalive</a> from extl_tcp.o(i.tcp_tl_keepalive) referenced 2 times from extl_tcp.o(.data)
 <LI><a href="#[22]">tcp_tl_masquerade_contact</a> from extl_tcp.o(i.tcp_tl_masquerade_contact) referenced 2 times from extl_tcp.o(.data)
 <LI><a href="#[1c]">tcp_tl_open</a> from extl_tcp.o(i.tcp_tl_open) referenced 2 times from extl_tcp.o(.data)
 <LI><a href="#[1e]">tcp_tl_read_message</a> from extl_tcp.o(i.tcp_tl_read_message) referenced 2 times from extl_tcp.o(.data)
 <LI><a href="#[25]">tcp_tl_reset</a> from extl_tcp.o(i.tcp_tl_reset) referenced 2 times from extl_tcp.o(.data)
 <LI><a href="#[1f]">tcp_tl_send_message</a> from extl_tcp.o(i.tcp_tl_send_message) referenced 2 times from extl_tcp.o(.data)
 <LI><a href="#[1d]">tcp_tl_set_fdset</a> from extl_tcp.o(i.tcp_tl_set_fdset) referenced 2 times from extl_tcp.o(.data)
 <LI><a href="#[21]">tcp_tl_set_socket</a> from extl_tcp.o(i.tcp_tl_set_socket) referenced 2 times from extl_tcp.o(.data)
 <LI><a href="#[24]">tcp_tl_update_contact</a> from extl_tcp.o(i.tcp_tl_update_contact) referenced 2 times from extl_tcp.o(.data)
 <LI><a href="#[ef]">tcp_tmr</a> from tcp.o(i.tcp_tmr) referenced from timeouts.o(.constdata)
 <LI><a href="#[9f]">tcpip_input</a> from tcpip.o(i.tcpip_input) referenced from sys_arch.o(i.TCPIP_Init)
 <LI><a href="#[e9]">tcpip_tcp_timer</a> from timeouts.o(i.tcpip_tcp_timer) referenced from timeouts.o(i.tcp_timer_needed)
 <LI><a href="#[e9]">tcpip_tcp_timer</a> from timeouts.o(i.tcpip_tcp_timer) referenced from timeouts.o(i.tcpip_tcp_timer)
 <LI><a href="#[ea]">tcpip_thread</a> from tcpip.o(i.tcpip_thread) referenced from tcpip.o(i.tcpip_init)
 <LI><a href="#[32]">udp_tl_check_connection</a> from extl_udp.o(i.udp_tl_check_connection) referenced 2 times from extl_udp.o(.data)
 <LI><a href="#[28]">udp_tl_free</a> from extl_udp.o(i.udp_tl_free) referenced 2 times from extl_udp.o(.data)
 <LI><a href="#[30]">udp_tl_get_masquerade_contact</a> from extl_udp.o(i.udp_tl_get_masquerade_contact) referenced 2 times from extl_udp.o(.data)
 <LI><a href="#[27]">udp_tl_init</a> from extl_udp.o(i.udp_tl_init) referenced 2 times from extl_udp.o(.data)
 <LI><a href="#[2d]">udp_tl_keepalive</a> from extl_udp.o(i.udp_tl_keepalive) referenced 2 times from extl_udp.o(.data)
 <LI><a href="#[2f]">udp_tl_masquerade_contact</a> from extl_udp.o(i.udp_tl_masquerade_contact) referenced 2 times from extl_udp.o(.data)
 <LI><a href="#[29]">udp_tl_open</a> from extl_udp.o(i.udp_tl_open) referenced 2 times from extl_udp.o(.data)
 <LI><a href="#[2b]">udp_tl_read_message</a> from extl_udp.o(i.udp_tl_read_message) referenced 2 times from extl_udp.o(.data)
 <LI><a href="#[2c]">udp_tl_send_message</a> from extl_udp.o(i.udp_tl_send_message) referenced 2 times from extl_udp.o(.data)
 <LI><a href="#[2a]">udp_tl_set_fdset</a> from extl_udp.o(i.udp_tl_set_fdset) referenced 2 times from extl_udp.o(.data)
 <LI><a href="#[2e]">udp_tl_set_socket</a> from extl_udp.o(i.udp_tl_set_socket) referenced 2 times from extl_udp.o(.data)
 <LI><a href="#[31]">udp_tl_update_contact</a> from extl_udp.o(i.udp_tl_update_contact) referenced 2 times from extl_udp.o(.data)
 <LI><a href="#[ed]">udpecho_thread</a> from udpecho.o(i.udpecho_thread) referenced from udpecho.o(i.udpecho_init)
</UL>
<P>
<H3>
Global Symbols
</H3>
<P><STRONG><a name="[99]"></a>__main</STRONG> (Thumb, 0 bytes, Stack size unknown bytes, entry.o(.ARM.Collect$$$$00000000))
<BR>[Address Reference Count : 1]<UL><LI> startup_stm32f429xx.o(.text)
</UL>
<P><STRONG><a name="[48d]"></a>_main_stk</STRONG> (Thumb, 0 bytes, Stack size unknown bytes, entry2.o(.ARM.Collect$$$$00000001))

<P><STRONG><a name="[fc]"></a>_main_scatterload</STRONG> (Thumb, 0 bytes, Stack size unknown bytes, entry5.o(.ARM.Collect$$$$00000004))
<BR><BR>[Calls]<UL><LI><a href="#[fd]">&gt;&gt;</a>&nbsp;&nbsp;&nbsp;__scatterload
</UL>

<P><STRONG><a name="[11e]"></a>__main_after_scatterload</STRONG> (Thumb, 0 bytes, Stack size unknown bytes, entry5.o(.ARM.Collect$$$$00000004))
<BR><BR>[Called By]<UL><LI><a href="#[fd]">&gt;&gt;</a>&nbsp;&nbsp;&nbsp;__scatterload
</UL>

<P><STRONG><a name="[48e]"></a>_main_clock</STRONG> (Thumb, 0 bytes, Stack size unknown bytes, entry7b.o(.ARM.Collect$$$$00000008))

<P><STRONG><a name="[48f]"></a>_main_cpp_init</STRONG> (Thumb, 0 bytes, Stack size unknown bytes, entry8b.o(.ARM.Collect$$$$0000000A))

<P><STRONG><a name="[490]"></a>_main_init</STRONG> (Thumb, 0 bytes, Stack size unknown bytes, entry9a.o(.ARM.Collect$$$$0000000B))

<P><STRONG><a name="[491]"></a>__rt_final_cpp</STRONG> (Thumb, 0 bytes, Stack size unknown bytes, entry10a.o(.ARM.Collect$$$$0000000D))

<P><STRONG><a name="[492]"></a>__rt_final_exit</STRONG> (Thumb, 0 bytes, Stack size unknown bytes, entry11a.o(.ARM.Collect$$$$0000000F))

<P><STRONG><a name="[39]"></a>SVC_Handler</STRONG> (Thumb, 28 bytes, Stack size 0 bytes, port.o(.emb_text))
<BR>[Address Reference Count : 1]<UL><LI> startup_stm32f429xx.o(RESET)
</UL>
<P><STRONG><a name="[488]"></a>__asm___6_port_c_39a90d8d__prvStartFirstTask</STRONG> (Thumb, 28 bytes, Stack size 0 bytes, port.o(.emb_text))
<BR><BR>[Called By]<UL><LI><a href="#[485]">&gt;&gt;</a>&nbsp;&nbsp;&nbsp;xPortStartScheduler
</UL>

<P><STRONG><a name="[487]"></a>__asm___6_port_c_39a90d8d__prvEnableVFP</STRONG> (Thumb, 16 bytes, Stack size 0 bytes, port.o(.emb_text))
<BR><BR>[Called By]<UL><LI><a href="#[485]">&gt;&gt;</a>&nbsp;&nbsp;&nbsp;xPortStartScheduler
</UL>

<P><STRONG><a name="[3b]"></a>PendSV_Handler</STRONG> (Thumb, 88 bytes, Stack size 0 bytes, port.o(.emb_text))
<BR><BR>[Stack]<UL><LI>Max Depth = 32<LI>Call Chain = PendSV_Handler &rArr; vTaskSwitchContext &rArr; __2printf
</UL>
<BR>[Calls]<UL><LI><a href="#[fe]">&gt;&gt;</a>&nbsp;&nbsp;&nbsp;vTaskSwitchContext
</UL>
<BR>[Address Reference Count : 1]<UL><LI> startup_stm32f429xx.o(RESET)
</UL>
<P><STRONG><a name="[480]"></a>vPortGetIPSR</STRONG> (Thumb, 6 bytes, Stack size 0 bytes, port.o(.emb_text))
<BR><BR>[Called By]<UL><LI><a href="#[47f]">&gt;&gt;</a>&nbsp;&nbsp;&nbsp;vPortValidateInterruptPriority
</UL>

<P><STRONG><a name="[33]"></a>Reset_Handler</STRONG> (Thumb, 8 bytes, Stack size 0 bytes, startup_stm32f429xx.o(.text))
<BR>[Address Reference Count : 1]<UL><LI> startup_stm32f429xx.o(RESET)
</UL>
<P><STRONG><a name="[4f]"></a>ADC_IRQHandler</STRONG> (Thumb, 0 bytes, Stack size 0 bytes, startup_stm32f429xx.o(.text))
<BR><BR>[Calls]<UL><LI><a href="#[4f]">&gt;&gt;</a>&nbsp;&nbsp;&nbsp;ADC_IRQHandler
</UL>
<BR>[Called By]<UL><LI><a href="#[4f]">&gt;&gt;</a>&nbsp;&nbsp;&nbsp;ADC_IRQHandler
</UL>
<BR>[Address Reference Count : 1]<UL><LI> startup_stm32f429xx.o(RESET)
</UL>
<P><STRONG><a name="[51]"></a>CAN1_RX0_IRQHandler</STRONG> (Thumb, 0 bytes, Stack size 0 bytes, startup_stm32f429xx.o(.text))
<BR>[Address Reference Count : 1]<UL><LI> startup_stm32f429xx.o(RESET)
</UL>
<P><STRONG><a name="[52]"></a>CAN1_RX1_IRQHandler</STRONG> (Thumb, 0 bytes, Stack size 0 bytes, startup_stm32f429xx.o(.text))
<BR>[Address Reference Count : 1]<UL><LI> startup_stm32f429xx.o(RESET)
</UL>
<P><STRONG><a name="[53]"></a>CAN1_SCE_IRQHandler</STRONG> (Thumb, 0 bytes, Stack size 0 bytes, startup_stm32f429xx.o(.text))
<BR>[Address Reference Count : 1]<UL><LI> startup_stm32f429xx.o(RESET)
</UL>
<P><STRONG><a name="[50]"></a>CAN1_TX_IRQHandler</STRONG> (Thumb, 0 bytes, Stack size 0 bytes, startup_stm32f429xx.o(.text))
<BR>[Address Reference Count : 1]<UL><LI> startup_stm32f429xx.o(RESET)
</UL>
<P><STRONG><a name="[7d]"></a>CAN2_RX0_IRQHandler</STRONG> (Thumb, 0 bytes, Stack size 0 bytes, startup_stm32f429xx.o(.text))
<BR>[Address Reference Count : 1]<UL><LI> startup_stm32f429xx.o(RESET)
</UL>
<P><STRONG><a name="[7e]"></a>CAN2_RX1_IRQHandler</STRONG> (Thumb, 0 bytes, Stack size 0 bytes, startup_stm32f429xx.o(.text))
<BR>[Address Reference Count : 1]<UL><LI> startup_stm32f429xx.o(RESET)
</UL>
<P><STRONG><a name="[7f]"></a>CAN2_SCE_IRQHandler</STRONG> (Thumb, 0 bytes, Stack size 0 bytes, startup_stm32f429xx.o(.text))
<BR>[Address Reference Count : 1]<UL><LI> startup_stm32f429xx.o(RESET)
</UL>
<P><STRONG><a name="[7c]"></a>CAN2_TX_IRQHandler</STRONG> (Thumb, 0 bytes, Stack size 0 bytes, startup_stm32f429xx.o(.text))
<BR>[Address Reference Count : 1]<UL><LI> startup_stm32f429xx.o(RESET)
</UL>
<P><STRONG><a name="[8b]"></a>DCMI_IRQHandler</STRONG> (Thumb, 0 bytes, Stack size 0 bytes, startup_stm32f429xx.o(.text))
<BR>[Address Reference Count : 1]<UL><LI> startup_stm32f429xx.o(RESET)
</UL>
<P><STRONG><a name="[48]"></a>DMA1_Stream0_IRQHandler</STRONG> (Thumb, 0 bytes, Stack size 0 bytes, startup_stm32f429xx.o(.text))
<BR>[Address Reference Count : 1]<UL><LI> startup_stm32f429xx.o(RESET)
</UL>
<P><STRONG><a name="[49]"></a>DMA1_Stream1_IRQHandler</STRONG> (Thumb, 0 bytes, Stack size 0 bytes, startup_stm32f429xx.o(.text))
<BR>[Address Reference Count : 1]<UL><LI> startup_stm32f429xx.o(RESET)
</UL>
<P><STRONG><a name="[4a]"></a>DMA1_Stream2_IRQHandler</STRONG> (Thumb, 0 bytes, Stack size 0 bytes, startup_stm32f429xx.o(.text))
<BR>[Address Reference Count : 1]<UL><LI> startup_stm32f429xx.o(RESET)
</UL>
<P><STRONG><a name="[4b]"></a>DMA1_Stream3_IRQHandler</STRONG> (Thumb, 0 bytes, Stack size 0 bytes, startup_stm32f429xx.o(.text))
<BR>[Address Reference Count : 1]<UL><LI> startup_stm32f429xx.o(RESET)
</UL>
<P><STRONG><a name="[4c]"></a>DMA1_Stream4_IRQHandler</STRONG> (Thumb, 0 bytes, Stack size 0 bytes, startup_stm32f429xx.o(.text))
<BR>[Address Reference Count : 1]<UL><LI> startup_stm32f429xx.o(RESET)
</UL>
<P><STRONG><a name="[4d]"></a>DMA1_Stream5_IRQHandler</STRONG> (Thumb, 0 bytes, Stack size 0 bytes, startup_stm32f429xx.o(.text))
<BR>[Address Reference Count : 1]<UL><LI> startup_stm32f429xx.o(RESET)
</UL>
<P><STRONG><a name="[4e]"></a>DMA1_Stream6_IRQHandler</STRONG> (Thumb, 0 bytes, Stack size 0 bytes, startup_stm32f429xx.o(.text))
<BR>[Address Reference Count : 1]<UL><LI> startup_stm32f429xx.o(RESET)
</UL>
<P><STRONG><a name="[6c]"></a>DMA1_Stream7_IRQHandler</STRONG> (Thumb, 0 bytes, Stack size 0 bytes, startup_stm32f429xx.o(.text))
<BR>[Address Reference Count : 1]<UL><LI> startup_stm32f429xx.o(RESET)
</UL>
<P><STRONG><a name="[96]"></a>DMA2D_IRQHandler</STRONG> (Thumb, 0 bytes, Stack size 0 bytes, startup_stm32f429xx.o(.text))
<BR>[Address Reference Count : 1]<UL><LI> startup_stm32f429xx.o(RESET)
</UL>
<P><STRONG><a name="[75]"></a>DMA2_Stream0_IRQHandler</STRONG> (Thumb, 0 bytes, Stack size 0 bytes, startup_stm32f429xx.o(.text))
<BR>[Address Reference Count : 1]<UL><LI> startup_stm32f429xx.o(RESET)
</UL>
<P><STRONG><a name="[76]"></a>DMA2_Stream1_IRQHandler</STRONG> (Thumb, 0 bytes, Stack size 0 bytes, startup_stm32f429xx.o(.text))
<BR>[Address Reference Count : 1]<UL><LI> startup_stm32f429xx.o(RESET)
</UL>
<P><STRONG><a name="[77]"></a>DMA2_Stream2_IRQHandler</STRONG> (Thumb, 0 bytes, Stack size 0 bytes, startup_stm32f429xx.o(.text))
<BR>[Address Reference Count : 1]<UL><LI> startup_stm32f429xx.o(RESET)
</UL>
<P><STRONG><a name="[78]"></a>DMA2_Stream3_IRQHandler</STRONG> (Thumb, 0 bytes, Stack size 0 bytes, startup_stm32f429xx.o(.text))
<BR>[Address Reference Count : 1]<UL><LI> startup_stm32f429xx.o(RESET)
</UL>
<P><STRONG><a name="[79]"></a>DMA2_Stream4_IRQHandler</STRONG> (Thumb, 0 bytes, Stack size 0 bytes, startup_stm32f429xx.o(.text))
<BR>[Address Reference Count : 1]<UL><LI> startup_stm32f429xx.o(RESET)
</UL>
<P><STRONG><a name="[81]"></a>DMA2_Stream5_IRQHandler</STRONG> (Thumb, 0 bytes, Stack size 0 bytes, startup_stm32f429xx.o(.text))
<BR>[Address Reference Count : 1]<UL><LI> startup_stm32f429xx.o(RESET)
</UL>
<P><STRONG><a name="[82]"></a>DMA2_Stream6_IRQHandler</STRONG> (Thumb, 0 bytes, Stack size 0 bytes, startup_stm32f429xx.o(.text))
<BR>[Address Reference Count : 1]<UL><LI> startup_stm32f429xx.o(RESET)
</UL>
<P><STRONG><a name="[83]"></a>DMA2_Stream7_IRQHandler</STRONG> (Thumb, 0 bytes, Stack size 0 bytes, startup_stm32f429xx.o(.text))
<BR>[Address Reference Count : 1]<UL><LI> startup_stm32f429xx.o(RESET)
</UL>
<P><STRONG><a name="[7b]"></a>ETH_WKUP_IRQHandler</STRONG> (Thumb, 0 bytes, Stack size 0 bytes, startup_stm32f429xx.o(.text))
<BR>[Address Reference Count : 1]<UL><LI> startup_stm32f429xx.o(RESET)
</UL>
<P><STRONG><a name="[43]"></a>EXTI0_IRQHandler</STRONG> (Thumb, 0 bytes, Stack size 0 bytes, startup_stm32f429xx.o(.text))
<BR>[Address Reference Count : 1]<UL><LI> startup_stm32f429xx.o(RESET)
</UL>
<P><STRONG><a name="[65]"></a>EXTI15_10_IRQHandler</STRONG> (Thumb, 0 bytes, Stack size 0 bytes, startup_stm32f429xx.o(.text))
<BR>[Address Reference Count : 1]<UL><LI> startup_stm32f429xx.o(RESET)
</UL>
<P><STRONG><a name="[44]"></a>EXTI1_IRQHandler</STRONG> (Thumb, 0 bytes, Stack size 0 bytes, startup_stm32f429xx.o(.text))
<BR>[Address Reference Count : 1]<UL><LI> startup_stm32f429xx.o(RESET)
</UL>
<P><STRONG><a name="[45]"></a>EXTI2_IRQHandler</STRONG> (Thumb, 0 bytes, Stack size 0 bytes, startup_stm32f429xx.o(.text))
<BR>[Address Reference Count : 1]<UL><LI> startup_stm32f429xx.o(RESET)
</UL>
<P><STRONG><a name="[46]"></a>EXTI3_IRQHandler</STRONG> (Thumb, 0 bytes, Stack size 0 bytes, startup_stm32f429xx.o(.text))
<BR>[Address Reference Count : 1]<UL><LI> startup_stm32f429xx.o(RESET)
</UL>
<P><STRONG><a name="[47]"></a>EXTI4_IRQHandler</STRONG> (Thumb, 0 bytes, Stack size 0 bytes, startup_stm32f429xx.o(.text))
<BR>[Address Reference Count : 1]<UL><LI> startup_stm32f429xx.o(RESET)
</UL>
<P><STRONG><a name="[54]"></a>EXTI9_5_IRQHandler</STRONG> (Thumb, 0 bytes, Stack size 0 bytes, startup_stm32f429xx.o(.text))
<BR>[Address Reference Count : 1]<UL><LI> startup_stm32f429xx.o(RESET)
</UL>
<P><STRONG><a name="[41]"></a>FLASH_IRQHandler</STRONG> (Thumb, 0 bytes, Stack size 0 bytes, startup_stm32f429xx.o(.text))
<BR>[Address Reference Count : 1]<UL><LI> startup_stm32f429xx.o(RESET)
</UL>
<P><STRONG><a name="[6d]"></a>FMC_IRQHandler</STRONG> (Thumb, 0 bytes, Stack size 0 bytes, startup_stm32f429xx.o(.text))
<BR>[Address Reference Count : 1]<UL><LI> startup_stm32f429xx.o(RESET)
</UL>
<P><STRONG><a name="[8d]"></a>FPU_IRQHandler</STRONG> (Thumb, 0 bytes, Stack size 0 bytes, startup_stm32f429xx.o(.text))
<BR>[Address Reference Count : 1]<UL><LI> startup_stm32f429xx.o(RESET)
</UL>
<P><STRONG><a name="[8c]"></a>HASH_RNG_IRQHandler</STRONG> (Thumb, 0 bytes, Stack size 0 bytes, startup_stm32f429xx.o(.text))
<BR>[Address Reference Count : 1]<UL><LI> startup_stm32f429xx.o(RESET)
</UL>
<P><STRONG><a name="[5d]"></a>I2C1_ER_IRQHandler</STRONG> (Thumb, 0 bytes, Stack size 0 bytes, startup_stm32f429xx.o(.text))
<BR>[Address Reference Count : 1]<UL><LI> startup_stm32f429xx.o(RESET)
</UL>
<P><STRONG><a name="[5c]"></a>I2C1_EV_IRQHandler</STRONG> (Thumb, 0 bytes, Stack size 0 bytes, startup_stm32f429xx.o(.text))
<BR>[Address Reference Count : 1]<UL><LI> startup_stm32f429xx.o(RESET)
</UL>
<P><STRONG><a name="[5f]"></a>I2C2_ER_IRQHandler</STRONG> (Thumb, 0 bytes, Stack size 0 bytes, startup_stm32f429xx.o(.text))
<BR>[Address Reference Count : 1]<UL><LI> startup_stm32f429xx.o(RESET)
</UL>
<P><STRONG><a name="[5e]"></a>I2C2_EV_IRQHandler</STRONG> (Thumb, 0 bytes, Stack size 0 bytes, startup_stm32f429xx.o(.text))
<BR>[Address Reference Count : 1]<UL><LI> startup_stm32f429xx.o(RESET)
</UL>
<P><STRONG><a name="[86]"></a>I2C3_ER_IRQHandler</STRONG> (Thumb, 0 bytes, Stack size 0 bytes, startup_stm32f429xx.o(.text))
<BR>[Address Reference Count : 1]<UL><LI> startup_stm32f429xx.o(RESET)
</UL>
<P><STRONG><a name="[85]"></a>I2C3_EV_IRQHandler</STRONG> (Thumb, 0 bytes, Stack size 0 bytes, startup_stm32f429xx.o(.text))
<BR>[Address Reference Count : 1]<UL><LI> startup_stm32f429xx.o(RESET)
</UL>
<P><STRONG><a name="[95]"></a>LTDC_ER_IRQHandler</STRONG> (Thumb, 0 bytes, Stack size 0 bytes, startup_stm32f429xx.o(.text))
<BR>[Address Reference Count : 1]<UL><LI> startup_stm32f429xx.o(RESET)
</UL>
<P><STRONG><a name="[94]"></a>LTDC_IRQHandler</STRONG> (Thumb, 0 bytes, Stack size 0 bytes, startup_stm32f429xx.o(.text))
<BR>[Address Reference Count : 1]<UL><LI> startup_stm32f429xx.o(RESET)
</UL>
<P><STRONG><a name="[80]"></a>OTG_FS_IRQHandler</STRONG> (Thumb, 0 bytes, Stack size 0 bytes, startup_stm32f429xx.o(.text))
<BR>[Address Reference Count : 1]<UL><LI> startup_stm32f429xx.o(RESET)
</UL>
<P><STRONG><a name="[67]"></a>OTG_FS_WKUP_IRQHandler</STRONG> (Thumb, 0 bytes, Stack size 0 bytes, startup_stm32f429xx.o(.text))
<BR>[Address Reference Count : 1]<UL><LI> startup_stm32f429xx.o(RESET)
</UL>
<P><STRONG><a name="[88]"></a>OTG_HS_EP1_IN_IRQHandler</STRONG> (Thumb, 0 bytes, Stack size 0 bytes, startup_stm32f429xx.o(.text))
<BR>[Address Reference Count : 1]<UL><LI> startup_stm32f429xx.o(RESET)
</UL>
<P><STRONG><a name="[87]"></a>OTG_HS_EP1_OUT_IRQHandler</STRONG> (Thumb, 0 bytes, Stack size 0 bytes, startup_stm32f429xx.o(.text))
<BR>[Address Reference Count : 1]<UL><LI> startup_stm32f429xx.o(RESET)
</UL>
<P><STRONG><a name="[8a]"></a>OTG_HS_IRQHandler</STRONG> (Thumb, 0 bytes, Stack size 0 bytes, startup_stm32f429xx.o(.text))
<BR>[Address Reference Count : 1]<UL><LI> startup_stm32f429xx.o(RESET)
</UL>
<P><STRONG><a name="[89]"></a>OTG_HS_WKUP_IRQHandler</STRONG> (Thumb, 0 bytes, Stack size 0 bytes, startup_stm32f429xx.o(.text))
<BR>[Address Reference Count : 1]<UL><LI> startup_stm32f429xx.o(RESET)
</UL>
<P><STRONG><a name="[3e]"></a>PVD_IRQHandler</STRONG> (Thumb, 0 bytes, Stack size 0 bytes, startup_stm32f429xx.o(.text))
<BR>[Address Reference Count : 1]<UL><LI> startup_stm32f429xx.o(RESET)
</UL>
<P><STRONG><a name="[42]"></a>RCC_IRQHandler</STRONG> (Thumb, 0 bytes, Stack size 0 bytes, startup_stm32f429xx.o(.text))
<BR>[Address Reference Count : 1]<UL><LI> startup_stm32f429xx.o(RESET)
</UL>
<P><STRONG><a name="[66]"></a>RTC_Alarm_IRQHandler</STRONG> (Thumb, 0 bytes, Stack size 0 bytes, startup_stm32f429xx.o(.text))
<BR>[Address Reference Count : 1]<UL><LI> startup_stm32f429xx.o(RESET)
</UL>
<P><STRONG><a name="[40]"></a>RTC_WKUP_IRQHandler</STRONG> (Thumb, 0 bytes, Stack size 0 bytes, startup_stm32f429xx.o(.text))
<BR>[Address Reference Count : 1]<UL><LI> startup_stm32f429xx.o(RESET)
</UL>
<P><STRONG><a name="[93]"></a>SAI1_IRQHandler</STRONG> (Thumb, 0 bytes, Stack size 0 bytes, startup_stm32f429xx.o(.text))
<BR>[Address Reference Count : 1]<UL><LI> startup_stm32f429xx.o(RESET)
</UL>
<P><STRONG><a name="[6e]"></a>SDIO_IRQHandler</STRONG> (Thumb, 0 bytes, Stack size 0 bytes, startup_stm32f429xx.o(.text))
<BR>[Address Reference Count : 1]<UL><LI> startup_stm32f429xx.o(RESET)
</UL>
<P><STRONG><a name="[60]"></a>SPI1_IRQHandler</STRONG> (Thumb, 0 bytes, Stack size 0 bytes, startup_stm32f429xx.o(.text))
<BR>[Address Reference Count : 1]<UL><LI> startup_stm32f429xx.o(RESET)
</UL>
<P><STRONG><a name="[61]"></a>SPI2_IRQHandler</STRONG> (Thumb, 0 bytes, Stack size 0 bytes, startup_stm32f429xx.o(.text))
<BR>[Address Reference Count : 1]<UL><LI> startup_stm32f429xx.o(RESET)
</UL>
<P><STRONG><a name="[70]"></a>SPI3_IRQHandler</STRONG> (Thumb, 0 bytes, Stack size 0 bytes, startup_stm32f429xx.o(.text))
<BR>[Address Reference Count : 1]<UL><LI> startup_stm32f429xx.o(RESET)
</UL>
<P><STRONG><a name="[90]"></a>SPI4_IRQHandler</STRONG> (Thumb, 0 bytes, Stack size 0 bytes, startup_stm32f429xx.o(.text))
<BR>[Address Reference Count : 1]<UL><LI> startup_stm32f429xx.o(RESET)
</UL>
<P><STRONG><a name="[91]"></a>SPI5_IRQHandler</STRONG> (Thumb, 0 bytes, Stack size 0 bytes, startup_stm32f429xx.o(.text))
<BR>[Address Reference Count : 1]<UL><LI> startup_stm32f429xx.o(RESET)
</UL>
<P><STRONG><a name="[92]"></a>SPI6_IRQHandler</STRONG> (Thumb, 0 bytes, Stack size 0 bytes, startup_stm32f429xx.o(.text))
<BR>[Address Reference Count : 1]<UL><LI> startup_stm32f429xx.o(RESET)
</UL>
<P><STRONG><a name="[3f]"></a>TAMP_STAMP_IRQHandler</STRONG> (Thumb, 0 bytes, Stack size 0 bytes, startup_stm32f429xx.o(.text))
<BR>[Address Reference Count : 1]<UL><LI> startup_stm32f429xx.o(RESET)
</UL>
<P><STRONG><a name="[55]"></a>TIM1_BRK_TIM9_IRQHandler</STRONG> (Thumb, 0 bytes, Stack size 0 bytes, startup_stm32f429xx.o(.text))
<BR>[Address Reference Count : 1]<UL><LI> startup_stm32f429xx.o(RESET)
</UL>
<P><STRONG><a name="[58]"></a>TIM1_CC_IRQHandler</STRONG> (Thumb, 0 bytes, Stack size 0 bytes, startup_stm32f429xx.o(.text))
<BR>[Address Reference Count : 1]<UL><LI> startup_stm32f429xx.o(RESET)
</UL>
<P><STRONG><a name="[57]"></a>TIM1_TRG_COM_TIM11_IRQHandler</STRONG> (Thumb, 0 bytes, Stack size 0 bytes, startup_stm32f429xx.o(.text))
<BR>[Address Reference Count : 1]<UL><LI> startup_stm32f429xx.o(RESET)
</UL>
<P><STRONG><a name="[56]"></a>TIM1_UP_TIM10_IRQHandler</STRONG> (Thumb, 0 bytes, Stack size 0 bytes, startup_stm32f429xx.o(.text))
<BR>[Address Reference Count : 1]<UL><LI> startup_stm32f429xx.o(RESET)
</UL>
<P><STRONG><a name="[59]"></a>TIM2_IRQHandler</STRONG> (Thumb, 0 bytes, Stack size 0 bytes, startup_stm32f429xx.o(.text))
<BR>[Address Reference Count : 1]<UL><LI> startup_stm32f429xx.o(RESET)
</UL>
<P><STRONG><a name="[5a]"></a>TIM3_IRQHandler</STRONG> (Thumb, 0 bytes, Stack size 0 bytes, startup_stm32f429xx.o(.text))
<BR>[Address Reference Count : 1]<UL><LI> startup_stm32f429xx.o(RESET)
</UL>
<P><STRONG><a name="[5b]"></a>TIM4_IRQHandler</STRONG> (Thumb, 0 bytes, Stack size 0 bytes, startup_stm32f429xx.o(.text))
<BR>[Address Reference Count : 1]<UL><LI> startup_stm32f429xx.o(RESET)
</UL>
<P><STRONG><a name="[6f]"></a>TIM5_IRQHandler</STRONG> (Thumb, 0 bytes, Stack size 0 bytes, startup_stm32f429xx.o(.text))
<BR>[Address Reference Count : 1]<UL><LI> startup_stm32f429xx.o(RESET)
</UL>
<P><STRONG><a name="[73]"></a>TIM6_DAC_IRQHandler</STRONG> (Thumb, 0 bytes, Stack size 0 bytes, startup_stm32f429xx.o(.text))
<BR>[Address Reference Count : 1]<UL><LI> startup_stm32f429xx.o(RESET)
</UL>
<P><STRONG><a name="[74]"></a>TIM7_IRQHandler</STRONG> (Thumb, 0 bytes, Stack size 0 bytes, startup_stm32f429xx.o(.text))
<BR>[Address Reference Count : 1]<UL><LI> startup_stm32f429xx.o(RESET)
</UL>
<P><STRONG><a name="[68]"></a>TIM8_BRK_TIM12_IRQHandler</STRONG> (Thumb, 0 bytes, Stack size 0 bytes, startup_stm32f429xx.o(.text))
<BR>[Address Reference Count : 1]<UL><LI> startup_stm32f429xx.o(RESET)
</UL>
<P><STRONG><a name="[6b]"></a>TIM8_CC_IRQHandler</STRONG> (Thumb, 0 bytes, Stack size 0 bytes, startup_stm32f429xx.o(.text))
<BR>[Address Reference Count : 1]<UL><LI> startup_stm32f429xx.o(RESET)
</UL>
<P><STRONG><a name="[6a]"></a>TIM8_TRG_COM_TIM14_IRQHandler</STRONG> (Thumb, 0 bytes, Stack size 0 bytes, startup_stm32f429xx.o(.text))
<BR>[Address Reference Count : 1]<UL><LI> startup_stm32f429xx.o(RESET)
</UL>
<P><STRONG><a name="[69]"></a>TIM8_UP_TIM13_IRQHandler</STRONG> (Thumb, 0 bytes, Stack size 0 bytes, startup_stm32f429xx.o(.text))
<BR>[Address Reference Count : 1]<UL><LI> startup_stm32f429xx.o(RESET)
</UL>
<P><STRONG><a name="[71]"></a>UART4_IRQHandler</STRONG> (Thumb, 0 bytes, Stack size 0 bytes, startup_stm32f429xx.o(.text))
<BR>[Address Reference Count : 1]<UL><LI> startup_stm32f429xx.o(RESET)
</UL>
<P><STRONG><a name="[72]"></a>UART5_IRQHandler</STRONG> (Thumb, 0 bytes, Stack size 0 bytes, startup_stm32f429xx.o(.text))
<BR>[Address Reference Count : 1]<UL><LI> startup_stm32f429xx.o(RESET)
</UL>
<P><STRONG><a name="[8e]"></a>UART7_IRQHandler</STRONG> (Thumb, 0 bytes, Stack size 0 bytes, startup_stm32f429xx.o(.text))
<BR>[Address Reference Count : 1]<UL><LI> startup_stm32f429xx.o(RESET)
</UL>
<P><STRONG><a name="[8f]"></a>UART8_IRQHandler</STRONG> (Thumb, 0 bytes, Stack size 0 bytes, startup_stm32f429xx.o(.text))
<BR>[Address Reference Count : 1]<UL><LI> startup_stm32f429xx.o(RESET)
</UL>
<P><STRONG><a name="[63]"></a>USART2_IRQHandler</STRONG> (Thumb, 0 bytes, Stack size 0 bytes, startup_stm32f429xx.o(.text))
<BR>[Address Reference Count : 1]<UL><LI> startup_stm32f429xx.o(RESET)
</UL>
<P><STRONG><a name="[64]"></a>USART3_IRQHandler</STRONG> (Thumb, 0 bytes, Stack size 0 bytes, startup_stm32f429xx.o(.text))
<BR>[Address Reference Count : 1]<UL><LI> startup_stm32f429xx.o(RESET)
</UL>
<P><STRONG><a name="[84]"></a>USART6_IRQHandler</STRONG> (Thumb, 0 bytes, Stack size 0 bytes, startup_stm32f429xx.o(.text))
<BR>[Address Reference Count : 1]<UL><LI> startup_stm32f429xx.o(RESET)
</UL>
<P><STRONG><a name="[3d]"></a>WWDG_IRQHandler</STRONG> (Thumb, 0 bytes, Stack size 0 bytes, startup_stm32f429xx.o(.text))
<BR>[Address Reference Count : 1]<UL><LI> startup_stm32f429xx.o(RESET)
</UL>
<P><STRONG><a name="[35]"></a>HardFault_Handler</STRONG> (Thumb, 12 bytes, Stack size 0 bytes, cmb_fault.o(.text))
<BR><BR>[Stack]<UL><LI>Max Depth = 196<LI>Call Chain = HardFault_Handler &rArr; cm_backtrace_fault &rArr; print_call_stack &rArr; cm_backtrace_call_stack
</UL>
<BR>[Calls]<UL><LI><a href="#[ff]">&gt;&gt;</a>&nbsp;&nbsp;&nbsp;cm_backtrace_fault
</UL>
<BR>[Address Reference Count : 1]<UL><LI> startup_stm32f429xx.o(RESET)
</UL>
<P><STRONG><a name="[100]"></a>__aeabi_uldivmod</STRONG> (Thumb, 98 bytes, Stack size 40 bytes, uldiv.o(.text))
<BR><BR>[Stack]<UL><LI>Max Depth = 40<LI>Call Chain = __aeabi_uldivmod
</UL>
<BR>[Calls]<UL><LI><a href="#[101]">&gt;&gt;</a>&nbsp;&nbsp;&nbsp;__aeabi_llsr
<LI><a href="#[102]">&gt;&gt;</a>&nbsp;&nbsp;&nbsp;__aeabi_llsl
</UL>
<BR>[Called By]<UL><LI><a href="#[174]">&gt;&gt;</a>&nbsp;&nbsp;&nbsp;HAL_RCC_GetSysClockFreq
<LI><a href="#[190]">&gt;&gt;</a>&nbsp;&nbsp;&nbsp;_printf_core
<LI><a href="#[2b4]">&gt;&gt;</a>&nbsp;&nbsp;&nbsp;_fp_digits
</UL>

<P><STRONG><a name="[103]"></a>__rt_ctype_table</STRONG> (Thumb, 4 bytes, Stack size 0 bytes, ctype_o.o(.text))
<BR><BR>[Called By]<UL><LI><a href="#[35f]">&gt;&gt;</a>&nbsp;&nbsp;&nbsp;ip4addr_aton
<LI><a href="#[112]">&gt;&gt;</a>&nbsp;&nbsp;&nbsp;strtol
<LI><a href="#[9d]">&gt;&gt;</a>&nbsp;&nbsp;&nbsp;isspace
</UL>

<P><STRONG><a name="[9d]"></a>isspace</STRONG> (Thumb, 18 bytes, Stack size 8 bytes, isspace_o.o(.text))
<BR><BR>[Stack]<UL><LI>Max Depth = 8<LI>Call Chain = isspace
</UL>
<BR>[Calls]<UL><LI><a href="#[103]">&gt;&gt;</a>&nbsp;&nbsp;&nbsp;__rt_ctype_table
</UL>
<BR>[Address Reference Count : 1]<UL><LI> scanf_char.o(.text)
</UL>
<P><STRONG><a name="[108]"></a>tolower</STRONG> (Thumb, 12 bytes, Stack size 0 bytes, tolower.o(.text))
<BR><BR>[Called By]<UL><LI><a href="#[218]">&gt;&gt;</a>&nbsp;&nbsp;&nbsp;osip_strcasestr
<LI><a href="#[109]">&gt;&gt;</a>&nbsp;&nbsp;&nbsp;strncasecmp
<LI><a href="#[107]">&gt;&gt;</a>&nbsp;&nbsp;&nbsp;strcasecmp
</UL>

<P><STRONG><a name="[3ee]"></a>rand</STRONG> (Thumb, 20 bytes, Stack size 0 bytes, rand.o(.text))
<BR><BR>[Called By]<UL><LI><a href="#[1f2]">&gt;&gt;</a>&nbsp;&nbsp;&nbsp;osip_build_random_number
</UL>

<P><STRONG><a name="[3ed]"></a>srand</STRONG> (Thumb, 6 bytes, Stack size 0 bytes, rand.o(.text))
<BR><BR>[Called By]<UL><LI><a href="#[1f2]">&gt;&gt;</a>&nbsp;&nbsp;&nbsp;osip_build_random_number
</UL>

<P><STRONG><a name="[493]"></a>___aeabi_memcpy8$move</STRONG> (Thumb, 0 bytes, Stack size 8 bytes, memmovea.o(.text), UNUSED)

<P><STRONG><a name="[152]"></a>__aeabi_memcpy</STRONG> (Thumb, 64 bytes, Stack size 8 bytes, memmovea.o(.text))
<BR><BR>[Stack]<UL><LI>Max Depth = 8<LI>Call Chain = __aeabi_memcpy
</UL>
<BR>[Called By]<UL><LI><a href="#[128]">&gt;&gt;</a>&nbsp;&nbsp;&nbsp;eXosip_set_option
<LI><a href="#[343]">&gt;&gt;</a>&nbsp;&nbsp;&nbsp;pbuf_copy
<LI><a href="#[41f]">&gt;&gt;</a>&nbsp;&nbsp;&nbsp;prvCopyDataToQueue
<LI><a href="#[41e]">&gt;&gt;</a>&nbsp;&nbsp;&nbsp;prvCopyDataFromQueue
<LI><a href="#[39b]">&gt;&gt;</a>&nbsp;&nbsp;&nbsp;tcp_write
<LI><a href="#[3a0]">&gt;&gt;</a>&nbsp;&nbsp;&nbsp;pbuf_copy_partial
<LI><a href="#[2c7]">&gt;&gt;</a>&nbsp;&nbsp;&nbsp;lwip_accept
<LI><a href="#[3a4]">&gt;&gt;</a>&nbsp;&nbsp;&nbsp;lwip_sock_make_addr
<LI><a href="#[377]">&gt;&gt;</a>&nbsp;&nbsp;&nbsp;lwip_getaddrname
<LI><a href="#[2ba]">&gt;&gt;</a>&nbsp;&nbsp;&nbsp;msg_osip_body_parse
<LI><a href="#[2b6]">&gt;&gt;</a>&nbsp;&nbsp;&nbsp;_osip_message_parse
<LI><a href="#[b3]">&gt;&gt;</a>&nbsp;&nbsp;&nbsp;low_level_output
<LI><a href="#[331]">&gt;&gt;</a>&nbsp;&nbsp;&nbsp;low_level_input
<LI><a href="#[363]">&gt;&gt;</a>&nbsp;&nbsp;&nbsp;ip_reass_free_complete_datagram
<LI><a href="#[35c]">&gt;&gt;</a>&nbsp;&nbsp;&nbsp;ip_reass_enqueue_new_datagram
<LI><a href="#[355]">&gt;&gt;</a>&nbsp;&nbsp;&nbsp;ip4_reass
<LI><a href="#[34e]">&gt;&gt;</a>&nbsp;&nbsp;&nbsp;ip4_frag
<LI><a href="#[341]">&gt;&gt;</a>&nbsp;&nbsp;&nbsp;icmp_input
<LI><a href="#[340]">&gt;&gt;</a>&nbsp;&nbsp;&nbsp;icmp_send_response
<LI><a href="#[2c1]">&gt;&gt;</a>&nbsp;&nbsp;&nbsp;osip_body_to_str
<LI><a href="#[3e9]">&gt;&gt;</a>&nbsp;&nbsp;&nbsp;osip_body_parse_mime
<LI><a href="#[3e5]">&gt;&gt;</a>&nbsp;&nbsp;&nbsp;osip_body_parse
<LI><a href="#[d1]">&gt;&gt;</a>&nbsp;&nbsp;&nbsp;osip_body_clone
<LI><a href="#[2bc]">&gt;&gt;</a>&nbsp;&nbsp;&nbsp;_osip_message_to_str
<LI><a href="#[194]">&gt;&gt;</a>&nbsp;&nbsp;&nbsp;internal_alloc
<LI><a href="#[2c]">&gt;&gt;</a>&nbsp;&nbsp;&nbsp;udp_tl_send_message
<LI><a href="#[2e6]">&gt;&gt;</a>&nbsp;&nbsp;&nbsp;_udp_tl_open_oc
<LI><a href="#[2e5]">&gt;&gt;</a>&nbsp;&nbsp;&nbsp;_udp_tl_open
<LI><a href="#[2dd]">&gt;&gt;</a>&nbsp;&nbsp;&nbsp;_udp_read_udp_main_socket
<LI><a href="#[1f]">&gt;&gt;</a>&nbsp;&nbsp;&nbsp;tcp_tl_send_message
<LI><a href="#[2cc]">&gt;&gt;</a>&nbsp;&nbsp;&nbsp;_tcp_tl_new_socket
<LI><a href="#[14f]">&gt;&gt;</a>&nbsp;&nbsp;&nbsp;DigestCalcResponseAka
</UL>

<P><STRONG><a name="[248]"></a>__aeabi_memcpy4</STRONG> (Thumb, 0 bytes, Stack size 8 bytes, memmovea.o(.text))
<BR><BR>[Stack]<UL><LI>Max Depth = 8<LI>Call Chain = __aeabi_memcpy4
</UL>
<BR>[Called By]<UL><LI><a href="#[ff]">&gt;&gt;</a>&nbsp;&nbsp;&nbsp;cm_backtrace_fault
<LI><a href="#[2bc]">&gt;&gt;</a>&nbsp;&nbsp;&nbsp;_osip_message_to_str
<LI><a href="#[30f]">&gt;&gt;</a>&nbsp;&nbsp;&nbsp;eXosip_transport_udp_init
<LI><a href="#[310]">&gt;&gt;</a>&nbsp;&nbsp;&nbsp;eXosip_transport_tcp_init
<LI><a href="#[247]">&gt;&gt;</a>&nbsp;&nbsp;&nbsp;_eXosip_default_gateway_ipv6sock
<LI><a href="#[2c]">&gt;&gt;</a>&nbsp;&nbsp;&nbsp;udp_tl_send_message
<LI><a href="#[2dd]">&gt;&gt;</a>&nbsp;&nbsp;&nbsp;_udp_read_udp_main_socket
<LI><a href="#[2cc]">&gt;&gt;</a>&nbsp;&nbsp;&nbsp;_tcp_tl_new_socket
</UL>

<P><STRONG><a name="[2d3]"></a>__aeabi_memmove</STRONG> (Thumb, 0 bytes, Stack size 8 bytes, memmovea.o(.text))
<BR><BR>[Stack]<UL><LI>Max Depth = 8<LI>Call Chain = __aeabi_memmove
</UL>
<BR>[Called By]<UL><LI><a href="#[1ca]">&gt;&gt;</a>&nbsp;&nbsp;&nbsp;osip_strn_append
<LI><a href="#[3f3]">&gt;&gt;</a>&nbsp;&nbsp;&nbsp;osip_clrspace
<LI><a href="#[2d0]">&gt;&gt;</a>&nbsp;&nbsp;&nbsp;_tcp_tl_recv
</UL>

<P><STRONG><a name="[494]"></a>__aeabi_memmove4</STRONG> (Thumb, 0 bytes, Stack size 8 bytes, memmovea.o(.text), UNUSED)

<P><STRONG><a name="[495]"></a>__aeabi_memmove8</STRONG> (Thumb, 0 bytes, Stack size 8 bytes, memmovea.o(.text), UNUSED)

<P><STRONG><a name="[105]"></a>__aeabi_memset</STRONG> (Thumb, 14 bytes, Stack size 0 bytes, memseta.o(.text))
<BR><BR>[Called By]<UL><LI><a href="#[106]">&gt;&gt;</a>&nbsp;&nbsp;&nbsp;_memset$wrapper
<LI><a href="#[104]">&gt;&gt;</a>&nbsp;&nbsp;&nbsp;__aeabi_memclr
</UL>

<P><STRONG><a name="[496]"></a>__aeabi_memset4</STRONG> (Thumb, 0 bytes, Stack size 0 bytes, memseta.o(.text), UNUSED)

<P><STRONG><a name="[497]"></a>__aeabi_memset8</STRONG> (Thumb, 0 bytes, Stack size 0 bytes, memseta.o(.text), UNUSED)

<P><STRONG><a name="[104]"></a>__aeabi_memclr</STRONG> (Thumb, 4 bytes, Stack size 0 bytes, memseta.o(.text))
<BR><BR>[Calls]<UL><LI><a href="#[105]">&gt;&gt;</a>&nbsp;&nbsp;&nbsp;__aeabi_memset
</UL>
<BR>[Called By]<UL><LI><a href="#[30]">&gt;&gt;</a>&nbsp;&nbsp;&nbsp;udp_tl_get_masquerade_contact
<LI><a href="#[22]">&gt;&gt;</a>&nbsp;&nbsp;&nbsp;tcp_tl_masquerade_contact
<LI><a href="#[23]">&gt;&gt;</a>&nbsp;&nbsp;&nbsp;tcp_tl_get_masquerade_contact
<LI><a href="#[14f]">&gt;&gt;</a>&nbsp;&nbsp;&nbsp;DigestCalcResponseAka
</UL>

<P><STRONG><a name="[19b]"></a>__aeabi_memclr4</STRONG> (Thumb, 0 bytes, Stack size 0 bytes, memseta.o(.text))
<BR><BR>[Called By]<UL><LI><a href="#[128]">&gt;&gt;</a>&nbsp;&nbsp;&nbsp;eXosip_set_option
<LI><a href="#[127]">&gt;&gt;</a>&nbsp;&nbsp;&nbsp;eXosip_quit
<LI><a href="#[124]">&gt;&gt;</a>&nbsp;&nbsp;&nbsp;eXosip_malloc
<LI><a href="#[125]">&gt;&gt;</a>&nbsp;&nbsp;&nbsp;eXosip_init
<LI><a href="#[12d]">&gt;&gt;</a>&nbsp;&nbsp;&nbsp;eXosip_automatic_action
<LI><a href="#[12a]">&gt;&gt;</a>&nbsp;&nbsp;&nbsp;eXosip_add_authentication_info
<LI><a href="#[2d8]">&gt;&gt;</a>&nbsp;&nbsp;&nbsp;lwip_select
<LI><a href="#[47c]">&gt;&gt;</a>&nbsp;&nbsp;&nbsp;udp_new
<LI><a href="#[440]">&gt;&gt;</a>&nbsp;&nbsp;&nbsp;tcp_alloc
<LI><a href="#[2fd]">&gt;&gt;</a>&nbsp;&nbsp;&nbsp;print_call_stack
<LI><a href="#[35c]">&gt;&gt;</a>&nbsp;&nbsp;&nbsp;ip_reass_enqueue_new_datagram
<LI><a href="#[3fb]">&gt;&gt;</a>&nbsp;&nbsp;&nbsp;parser_init
<LI><a href="#[2af]">&gt;&gt;</a>&nbsp;&nbsp;&nbsp;osip_transaction_init
<LI><a href="#[30c]">&gt;&gt;</a>&nbsp;&nbsp;&nbsp;osip_init
<LI><a href="#[1cc]">&gt;&gt;</a>&nbsp;&nbsp;&nbsp;__osip_nict_init
<LI><a href="#[1b5]">&gt;&gt;</a>&nbsp;&nbsp;&nbsp;__osip_ist_init
<LI><a href="#[203]">&gt;&gt;</a>&nbsp;&nbsp;&nbsp;osip_message_init
<LI><a href="#[1ae]">&gt;&gt;</a>&nbsp;&nbsp;&nbsp;__osip_ict_init
<LI><a href="#[229]">&gt;&gt;</a>&nbsp;&nbsp;&nbsp;osip_authorization_init
<LI><a href="#[19a]">&gt;&gt;</a>&nbsp;&nbsp;&nbsp;__osip_dialog_init
<LI><a href="#[402]">&gt;&gt;</a>&nbsp;&nbsp;&nbsp;osip_via_init
<LI><a href="#[400]">&gt;&gt;</a>&nbsp;&nbsp;&nbsp;osip_www_authenticate_init
<LI><a href="#[214]">&gt;&gt;</a>&nbsp;&nbsp;&nbsp;_eXosip_call_init
<LI><a href="#[216]">&gt;&gt;</a>&nbsp;&nbsp;&nbsp;_eXosip_call_retry_request
<LI><a href="#[247]">&gt;&gt;</a>&nbsp;&nbsp;&nbsp;_eXosip_default_gateway_ipv6sock
<LI><a href="#[244]">&gt;&gt;</a>&nbsp;&nbsp;&nbsp;_eXosip_default_gateway_ipv6
<LI><a href="#[2c]">&gt;&gt;</a>&nbsp;&nbsp;&nbsp;udp_tl_send_message
<LI><a href="#[2f]">&gt;&gt;</a>&nbsp;&nbsp;&nbsp;udp_tl_masquerade_contact
<LI><a href="#[27]">&gt;&gt;</a>&nbsp;&nbsp;&nbsp;udp_tl_init
<LI><a href="#[28]">&gt;&gt;</a>&nbsp;&nbsp;&nbsp;udp_tl_free
<LI><a href="#[2e3]">&gt;&gt;</a>&nbsp;&nbsp;&nbsp;_udp_read_udp_oc_socket
<LI><a href="#[2dd]">&gt;&gt;</a>&nbsp;&nbsp;&nbsp;_udp_read_udp_main_socket
<LI><a href="#[1f]">&gt;&gt;</a>&nbsp;&nbsp;&nbsp;tcp_tl_send_message
<LI><a href="#[1a]">&gt;&gt;</a>&nbsp;&nbsp;&nbsp;tcp_tl_init
<LI><a href="#[1b]">&gt;&gt;</a>&nbsp;&nbsp;&nbsp;tcp_tl_free
<LI><a href="#[2cc]">&gt;&gt;</a>&nbsp;&nbsp;&nbsp;_tcp_tl_new_socket
<LI><a href="#[2c6]">&gt;&gt;</a>&nbsp;&nbsp;&nbsp;_tcp_tl_close_sockinfo
<LI><a href="#[2c5]">&gt;&gt;</a>&nbsp;&nbsp;&nbsp;_tcp_read_tcp_main_socket
<LI><a href="#[29b]">&gt;&gt;</a>&nbsp;&nbsp;&nbsp;_eXosip_reg_init
<LI><a href="#[1f7]">&gt;&gt;</a>&nbsp;&nbsp;&nbsp;_eXosip_store_nonce
<LI><a href="#[1f4]">&gt;&gt;</a>&nbsp;&nbsp;&nbsp;_eXosip_create_proxy_authorization_header
<LI><a href="#[255]">&gt;&gt;</a>&nbsp;&nbsp;&nbsp;_eXosip_event_init
<LI><a href="#[24f]">&gt;&gt;</a>&nbsp;&nbsp;&nbsp;_eXosip_dialog_init_as_uas
<LI><a href="#[24c]">&gt;&gt;</a>&nbsp;&nbsp;&nbsp;_eXosip_dialog_init_as_uac
<LI><a href="#[211]">&gt;&gt;</a>&nbsp;&nbsp;&nbsp;_eXosip_delete_nonce
<LI><a href="#[27d]">&gt;&gt;</a>&nbsp;&nbsp;&nbsp;udp_tl_learn_port_from_via
</UL>

<P><STRONG><a name="[498]"></a>__aeabi_memclr8</STRONG> (Thumb, 0 bytes, Stack size 0 bytes, memseta.o(.text), UNUSED)

<P><STRONG><a name="[106]"></a>_memset$wrapper</STRONG> (Thumb, 18 bytes, Stack size 8 bytes, memseta.o(.text), UNUSED)
<BR><BR>[Calls]<UL><LI><a href="#[105]">&gt;&gt;</a>&nbsp;&nbsp;&nbsp;__aeabi_memset
</UL>

<P><STRONG><a name="[228]"></a>strcat</STRONG> (Thumb, 24 bytes, Stack size 0 bytes, strcat.o(.text))
<BR><BR>[Called By]<UL><LI><a href="#[20c]">&gt;&gt;</a>&nbsp;&nbsp;&nbsp;_eXosip_dialog_add_contact
<LI><a href="#[1fc]">&gt;&gt;</a>&nbsp;&nbsp;&nbsp;_eXosip_complete_answer_that_establish_a_dialog
</UL>

<P><STRONG><a name="[2e8]"></a>strstr</STRONG> (Thumb, 36 bytes, Stack size 12 bytes, strstr.o(.text))
<BR><BR>[Stack]<UL><LI>Max Depth = 12<LI>Call Chain = strstr
</UL>
<BR>[Called By]<UL><LI><a href="#[133]">&gt;&gt;</a>&nbsp;&nbsp;&nbsp;eXosip_call_send_answer
<LI><a href="#[2e7]">&gt;&gt;</a>&nbsp;&nbsp;&nbsp;_udp_tl_update_contact
<LI><a href="#[a8]">&gt;&gt;</a>&nbsp;&nbsp;&nbsp;cb_rcv2xx
</UL>

<P><STRONG><a name="[2fe]"></a>strncpy</STRONG> (Thumb, 24 bytes, Stack size 8 bytes, strncpy.o(.text))
<BR><BR>[Stack]<UL><LI>Max Depth = 8<LI>Call Chain = strncpy
</UL>
<BR>[Called By]<UL><LI><a href="#[13e]">&gt;&gt;</a>&nbsp;&nbsp;&nbsp;cm_backtrace_init
<LI><a href="#[1ab]">&gt;&gt;</a>&nbsp;&nbsp;&nbsp;osip_strncpy
<LI><a href="#[2c]">&gt;&gt;</a>&nbsp;&nbsp;&nbsp;udp_tl_send_message
</UL>

<P><STRONG><a name="[1a8]"></a>strchr</STRONG> (Thumb, 20 bytes, Stack size 0 bytes, strchr.o(.text))
<BR><BR>[Called By]<UL><LI><a href="#[133]">&gt;&gt;</a>&nbsp;&nbsp;&nbsp;eXosip_call_send_answer
<LI><a href="#[3c0]">&gt;&gt;</a>&nbsp;&nbsp;&nbsp;osip_message_set_multiple_header
<LI><a href="#[2b8]">&gt;&gt;</a>&nbsp;&nbsp;&nbsp;msg_headers_parse
<LI><a href="#[1bd]">&gt;&gt;</a>&nbsp;&nbsp;&nbsp;__osip_message_startline_parseresp
<LI><a href="#[1be]">&gt;&gt;</a>&nbsp;&nbsp;&nbsp;__osip_message_startline_parsereq
<LI><a href="#[1c6]">&gt;&gt;</a>&nbsp;&nbsp;&nbsp;osip_uri_to_str
<LI><a href="#[1c1]">&gt;&gt;</a>&nbsp;&nbsp;&nbsp;osip_uri_parse
<LI><a href="#[1a7]">&gt;&gt;</a>&nbsp;&nbsp;&nbsp;next_separator
<LI><a href="#[3f8]">&gt;&gt;</a>&nbsp;&nbsp;&nbsp;osip_cseq_parse
<LI><a href="#[21f]">&gt;&gt;</a>&nbsp;&nbsp;&nbsp;osip_content_disposition_parse
<LI><a href="#[26b]">&gt;&gt;</a>&nbsp;&nbsp;&nbsp;osip_from_parse
<LI><a href="#[1a6]">&gt;&gt;</a>&nbsp;&nbsp;&nbsp;__osip_generic_param_parseall
<LI><a href="#[3f2]">&gt;&gt;</a>&nbsp;&nbsp;&nbsp;osip_call_info_parse
<LI><a href="#[3f0]">&gt;&gt;</a>&nbsp;&nbsp;&nbsp;osip_call_id_parse
<LI><a href="#[3eb]">&gt;&gt;</a>&nbsp;&nbsp;&nbsp;osip_content_type_parse
<LI><a href="#[3e6]">&gt;&gt;</a>&nbsp;&nbsp;&nbsp;osip_body_parse_header
<LI><a href="#[1d8]">&gt;&gt;</a>&nbsp;&nbsp;&nbsp;__osip_token_set
<LI><a href="#[1d0]">&gt;&gt;</a>&nbsp;&nbsp;&nbsp;__osip_quoted_string_set
<LI><a href="#[1a9]">&gt;&gt;</a>&nbsp;&nbsp;&nbsp;__osip_quote_find
<LI><a href="#[3e1]">&gt;&gt;</a>&nbsp;&nbsp;&nbsp;osip_authorization_parse
<LI><a href="#[403]">&gt;&gt;</a>&nbsp;&nbsp;&nbsp;osip_via_parse
<LI><a href="#[40a]">&gt;&gt;</a>&nbsp;&nbsp;&nbsp;osip_uri_parse_params
<LI><a href="#[409]">&gt;&gt;</a>&nbsp;&nbsp;&nbsp;osip_uri_parse_headers
<LI><a href="#[401]">&gt;&gt;</a>&nbsp;&nbsp;&nbsp;osip_www_authenticate_parse
<LI><a href="#[f2]">&gt;&gt;</a>&nbsp;&nbsp;&nbsp;osip_via_to_str
<LI><a href="#[26f]">&gt;&gt;</a>&nbsp;&nbsp;&nbsp;eXosip_inet_pton
<LI><a href="#[2d2]">&gt;&gt;</a>&nbsp;&nbsp;&nbsp;handle_messages
<LI><a href="#[2a9]">&gt;&gt;</a>&nbsp;&nbsp;&nbsp;_eXosip_srv_lookup
<LI><a href="#[a8]">&gt;&gt;</a>&nbsp;&nbsp;&nbsp;cb_rcv2xx
</UL>

<P><STRONG><a name="[14a]"></a>strlen</STRONG> (Thumb, 14 bytes, Stack size 0 bytes, strlen.o(.text))
<BR><BR>[Called By]<UL><LI><a href="#[132]">&gt;&gt;</a>&nbsp;&nbsp;&nbsp;osip_strdup
<LI><a href="#[3ff]">&gt;&gt;</a>&nbsp;&nbsp;&nbsp;osip_tolower
<LI><a href="#[1a1]">&gt;&gt;</a>&nbsp;&nbsp;&nbsp;__osip_find_next_occurence
<LI><a href="#[2ba]">&gt;&gt;</a>&nbsp;&nbsp;&nbsp;msg_osip_body_parse
<LI><a href="#[20a]">&gt;&gt;</a>&nbsp;&nbsp;&nbsp;osip_message_set_header
<LI><a href="#[1c6]">&gt;&gt;</a>&nbsp;&nbsp;&nbsp;osip_uri_to_str
<LI><a href="#[1c1]">&gt;&gt;</a>&nbsp;&nbsp;&nbsp;osip_uri_parse
<LI><a href="#[f5]">&gt;&gt;</a>&nbsp;&nbsp;&nbsp;osip_cseq_to_str
<LI><a href="#[3f8]">&gt;&gt;</a>&nbsp;&nbsp;&nbsp;osip_cseq_parse
<LI><a href="#[3f7]">&gt;&gt;</a>&nbsp;&nbsp;&nbsp;osip_content_length_parse
<LI><a href="#[21f]">&gt;&gt;</a>&nbsp;&nbsp;&nbsp;osip_content_disposition_parse
<LI><a href="#[f3]">&gt;&gt;</a>&nbsp;&nbsp;&nbsp;osip_from_to_str
<LI><a href="#[26b]">&gt;&gt;</a>&nbsp;&nbsp;&nbsp;osip_from_parse
<LI><a href="#[1a6]">&gt;&gt;</a>&nbsp;&nbsp;&nbsp;__osip_generic_param_parseall
<LI><a href="#[f9]">&gt;&gt;</a>&nbsp;&nbsp;&nbsp;osip_call_info_to_str
<LI><a href="#[3f2]">&gt;&gt;</a>&nbsp;&nbsp;&nbsp;osip_call_info_parse
<LI><a href="#[3f0]">&gt;&gt;</a>&nbsp;&nbsp;&nbsp;osip_call_id_parse
<LI><a href="#[1d9]">&gt;&gt;</a>&nbsp;&nbsp;&nbsp;__osip_transaction_matching_request_osip_to_xist_17_2_3
<LI><a href="#[19d]">&gt;&gt;</a>&nbsp;&nbsp;&nbsp;osip_uri_param_get_byname
<LI><a href="#[2c0]">&gt;&gt;</a>&nbsp;&nbsp;&nbsp;osip_header_to_str
<LI><a href="#[fa]">&gt;&gt;</a>&nbsp;&nbsp;&nbsp;osip_content_type_to_str
<LI><a href="#[3eb]">&gt;&gt;</a>&nbsp;&nbsp;&nbsp;osip_content_type_parse
<LI><a href="#[2c1]">&gt;&gt;</a>&nbsp;&nbsp;&nbsp;osip_body_to_str
<LI><a href="#[1d8]">&gt;&gt;</a>&nbsp;&nbsp;&nbsp;__osip_token_set
<LI><a href="#[1d0]">&gt;&gt;</a>&nbsp;&nbsp;&nbsp;__osip_quoted_string_set
<LI><a href="#[f7]">&gt;&gt;</a>&nbsp;&nbsp;&nbsp;osip_authorization_to_str
<LI><a href="#[3e1]">&gt;&gt;</a>&nbsp;&nbsp;&nbsp;osip_authorization_parse
<LI><a href="#[f4]">&gt;&gt;</a>&nbsp;&nbsp;&nbsp;osip_call_id_to_str
<LI><a href="#[403]">&gt;&gt;</a>&nbsp;&nbsp;&nbsp;osip_via_parse
<LI><a href="#[40a]">&gt;&gt;</a>&nbsp;&nbsp;&nbsp;osip_uri_parse_params
<LI><a href="#[409]">&gt;&gt;</a>&nbsp;&nbsp;&nbsp;osip_uri_parse_headers
<LI><a href="#[1ef]">&gt;&gt;</a>&nbsp;&nbsp;&nbsp;__osip_uri_unescape
<LI><a href="#[1ea]">&gt;&gt;</a>&nbsp;&nbsp;&nbsp;__osip_uri_escape_nonascii_and_nondef
<LI><a href="#[401]">&gt;&gt;</a>&nbsp;&nbsp;&nbsp;osip_www_authenticate_parse
<LI><a href="#[235]">&gt;&gt;</a>&nbsp;&nbsp;&nbsp;osip_strdup_without_quote
<LI><a href="#[218]">&gt;&gt;</a>&nbsp;&nbsp;&nbsp;osip_strcasestr
<LI><a href="#[3f3]">&gt;&gt;</a>&nbsp;&nbsp;&nbsp;osip_clrspace
<LI><a href="#[f8]">&gt;&gt;</a>&nbsp;&nbsp;&nbsp;osip_www_authenticate_to_str
<LI><a href="#[f2]">&gt;&gt;</a>&nbsp;&nbsp;&nbsp;osip_via_to_str
<LI><a href="#[2be]">&gt;&gt;</a>&nbsp;&nbsp;&nbsp;strcat_simple_header
<LI><a href="#[2bf]">&gt;&gt;</a>&nbsp;&nbsp;&nbsp;strcat_headers_one_per_line
<LI><a href="#[2bc]">&gt;&gt;</a>&nbsp;&nbsp;&nbsp;_osip_message_to_str
<LI><a href="#[1c5]">&gt;&gt;</a>&nbsp;&nbsp;&nbsp;__osip_message_startline_to_strresp
<LI><a href="#[1c4]">&gt;&gt;</a>&nbsp;&nbsp;&nbsp;__osip_message_startline_to_strreq
<LI><a href="#[20c]">&gt;&gt;</a>&nbsp;&nbsp;&nbsp;_eXosip_dialog_add_contact
<LI><a href="#[1fc]">&gt;&gt;</a>&nbsp;&nbsp;&nbsp;_eXosip_complete_answer_that_establish_a_dialog
<LI><a href="#[2ed]">&gt;&gt;</a>&nbsp;&nbsp;&nbsp;buffer_find
<LI><a href="#[29b]">&gt;&gt;</a>&nbsp;&nbsp;&nbsp;_eXosip_reg_init
<LI><a href="#[29e]">&gt;&gt;</a>&nbsp;&nbsp;&nbsp;_eXosip_register_build_register
<LI><a href="#[266]">&gt;&gt;</a>&nbsp;&nbsp;&nbsp;_eXosip_register_add_contact
<LI><a href="#[1f4]">&gt;&gt;</a>&nbsp;&nbsp;&nbsp;_eXosip_create_proxy_authorization_header
<LI><a href="#[1f3]">&gt;&gt;</a>&nbsp;&nbsp;&nbsp;eXosip_find_authentication_info
<LI><a href="#[14f]">&gt;&gt;</a>&nbsp;&nbsp;&nbsp;DigestCalcResponseAka
<LI><a href="#[14e]">&gt;&gt;</a>&nbsp;&nbsp;&nbsp;DigestCalcResponse
<LI><a href="#[148]">&gt;&gt;</a>&nbsp;&nbsp;&nbsp;DigestCalcHA1
<LI><a href="#[27c]">&gt;&gt;</a>&nbsp;&nbsp;&nbsp;_eXosip_handle_received_rport
</UL>

<P><STRONG><a name="[1a3]"></a>strcmp</STRONG> (Thumb, 28 bytes, Stack size 8 bytes, strcmp.o(.text))
<BR><BR>[Stack]<UL><LI>Max Depth = 8<LI>Call Chain = strcmp
</UL>
<BR>[Called By]<UL><LI><a href="#[133]">&gt;&gt;</a>&nbsp;&nbsp;&nbsp;eXosip_call_send_answer
<LI><a href="#[1b9]">&gt;&gt;</a>&nbsp;&nbsp;&nbsp;__osip_message_is_known_header
<LI><a href="#[27a]">&gt;&gt;</a>&nbsp;&nbsp;&nbsp;osip_message_fix_last_via_header
<LI><a href="#[294]">&gt;&gt;</a>&nbsp;&nbsp;&nbsp;osip_dialog_match_as_uas
<LI><a href="#[1e0]">&gt;&gt;</a>&nbsp;&nbsp;&nbsp;__osip_transaction_matching_response_osip_to_xict_17_1_3
<LI><a href="#[1d9]">&gt;&gt;</a>&nbsp;&nbsp;&nbsp;__osip_transaction_matching_request_osip_to_xist_17_2_3
<LI><a href="#[1a2]">&gt;&gt;</a>&nbsp;&nbsp;&nbsp;__osip_find_transaction
<LI><a href="#[16]">&gt;&gt;</a>&nbsp;&nbsp;&nbsp;nist_rcv_request
<LI><a href="#[10]">&gt;&gt;</a>&nbsp;&nbsp;&nbsp;nict_snd_request
<LI><a href="#[1df]">&gt;&gt;</a>&nbsp;&nbsp;&nbsp;osip_via_match
<LI><a href="#[1dd]">&gt;&gt;</a>&nbsp;&nbsp;&nbsp;osip_from_tag_match
<LI><a href="#[1de]">&gt;&gt;</a>&nbsp;&nbsp;&nbsp;osip_cseq_match
<LI><a href="#[1dc]">&gt;&gt;</a>&nbsp;&nbsp;&nbsp;osip_call_id_match
<LI><a href="#[334]">&gt;&gt;</a>&nbsp;&nbsp;&nbsp;evt_set_type_outgoing_sipmessage
<LI><a href="#[3f9]">&gt;&gt;</a>&nbsp;&nbsp;&nbsp;osip_from_compare
<LI><a href="#[265]">&gt;&gt;</a>&nbsp;&nbsp;&nbsp;_eXosip_generating_request_out_of_dialog
<LI><a href="#[25b]">&gt;&gt;</a>&nbsp;&nbsp;&nbsp;_eXosip_find_last_out_invite
<LI><a href="#[1fa]">&gt;&gt;</a>&nbsp;&nbsp;&nbsp;_eXosip_find_last_inc_invite
<LI><a href="#[1fc]">&gt;&gt;</a>&nbsp;&nbsp;&nbsp;_eXosip_complete_answer_that_establish_a_dialog
<LI><a href="#[202]">&gt;&gt;</a>&nbsp;&nbsp;&nbsp;_eXosip_build_request_within_dialog
<LI><a href="#[2c]">&gt;&gt;</a>&nbsp;&nbsp;&nbsp;udp_tl_send_message
<LI><a href="#[278]">&gt;&gt;</a>&nbsp;&nbsp;&nbsp;_eXosip_handle_incoming_message
<LI><a href="#[2da]">&gt;&gt;</a>&nbsp;&nbsp;&nbsp;_tl_resolv_naptr_destination
<LI><a href="#[1f]">&gt;&gt;</a>&nbsp;&nbsp;&nbsp;tcp_tl_send_message
<LI><a href="#[2a9]">&gt;&gt;</a>&nbsp;&nbsp;&nbsp;_eXosip_srv_lookup
<LI><a href="#[a6]">&gt;&gt;</a>&nbsp;&nbsp;&nbsp;cb_xixt_kill_transaction
<LI><a href="#[b1]">&gt;&gt;</a>&nbsp;&nbsp;&nbsp;cb_transport_error
<LI><a href="#[ad]">&gt;&gt;</a>&nbsp;&nbsp;&nbsp;cb_snd123456xx
<LI><a href="#[b0]">&gt;&gt;</a>&nbsp;&nbsp;&nbsp;cb_rcvrequest
<LI><a href="#[2f6]">&gt;&gt;</a>&nbsp;&nbsp;&nbsp;cb_rcv3456xx
<LI><a href="#[2f5]">&gt;&gt;</a>&nbsp;&nbsp;&nbsp;cb_rcv2xx_4invite
<LI><a href="#[a8]">&gt;&gt;</a>&nbsp;&nbsp;&nbsp;cb_rcv2xx
<LI><a href="#[a7]">&gt;&gt;</a>&nbsp;&nbsp;&nbsp;cb_rcv1xx
<LI><a href="#[295]">&gt;&gt;</a>&nbsp;&nbsp;&nbsp;_eXosip_send_default_answer
<LI><a href="#[280]">&gt;&gt;</a>&nbsp;&nbsp;&nbsp;_eXosip_process_response_out_of_transaction
<LI><a href="#[27f]">&gt;&gt;</a>&nbsp;&nbsp;&nbsp;_eXosip_process_newrequest
<LI><a href="#[287]">&gt;&gt;</a>&nbsp;&nbsp;&nbsp;_eXosip_match_update_for_invite
<LI><a href="#[27b]">&gt;&gt;</a>&nbsp;&nbsp;&nbsp;_eXosip_handle_rfc5626_ob
<LI><a href="#[1f0]">&gt;&gt;</a>&nbsp;&nbsp;&nbsp;_cancel_match_invite
</UL>

<P><STRONG><a name="[2ee]"></a>memchr</STRONG> (Thumb, 20 bytes, Stack size 0 bytes, memchr.o(.text))
<BR><BR>[Called By]<UL><LI><a href="#[2ed]">&gt;&gt;</a>&nbsp;&nbsp;&nbsp;buffer_find
</UL>

<P><STRONG><a name="[154]"></a>memcmp</STRONG> (Thumb, 26 bytes, Stack size 12 bytes, memcmp.o(.text))
<BR><BR>[Stack]<UL><LI>Max Depth = 12<LI>Call Chain = memcmp
</UL>
<BR>[Called By]<UL><LI><a href="#[eb]">&gt;&gt;</a>&nbsp;&nbsp;&nbsp;ethernet_input
<LI><a href="#[1a1]">&gt;&gt;</a>&nbsp;&nbsp;&nbsp;__osip_find_next_occurence
<LI><a href="#[2dd]">&gt;&gt;</a>&nbsp;&nbsp;&nbsp;_udp_read_udp_main_socket
<LI><a href="#[2ed]">&gt;&gt;</a>&nbsp;&nbsp;&nbsp;buffer_find
<LI><a href="#[14f]">&gt;&gt;</a>&nbsp;&nbsp;&nbsp;DigestCalcResponseAka
</UL>

<P><STRONG><a name="[3c2]"></a>strncat</STRONG> (Thumb, 40 bytes, Stack size 8 bytes, strncat.o(.text))
<BR><BR>[Stack]<UL><LI>Max Depth = 8<LI>Call Chain = strncat
</UL>
<BR>[Called By]<UL><LI><a href="#[2ba]">&gt;&gt;</a>&nbsp;&nbsp;&nbsp;msg_osip_body_parse
</UL>

<P><STRONG><a name="[1c8]"></a>strcpy</STRONG> (Thumb, 18 bytes, Stack size 0 bytes, strcpy.o(.text))
<BR><BR>[Called By]<UL><LI><a href="#[2ba]">&gt;&gt;</a>&nbsp;&nbsp;&nbsp;msg_osip_body_parse
<LI><a href="#[1c5]">&gt;&gt;</a>&nbsp;&nbsp;&nbsp;__osip_message_startline_to_strresp
<LI><a href="#[1c4]">&gt;&gt;</a>&nbsp;&nbsp;&nbsp;__osip_message_startline_to_strreq
</UL>

<P><STRONG><a name="[1bc]"></a>strncmp</STRONG> (Thumb, 30 bytes, Stack size 12 bytes, strncmp.o(.text))
<BR><BR>[Stack]<UL><LI>Max Depth = 12<LI>Call Chain = strncmp
</UL>
<BR>[Called By]<UL><LI><a href="#[2ba]">&gt;&gt;</a>&nbsp;&nbsp;&nbsp;msg_osip_body_parse
[...]
<BR><BR>[Stack]<UL><LI>Max Depth = 120<LI>Call Chain = _eXosip_handle_received_rport &rArr; atoi &rArr; strtol &rArr; _strtoul
</UL>
<BR>[Calls]<UL><LI><a href="#[19f]">&gt;&gt;</a>&nbsp;&nbsp;&nbsp;osip_list_get
<LI><a href="#[19d]">&gt;&gt;</a>&nbsp;&nbsp;&nbsp;osip_uri_param_get_byname
<LI><a href="#[110]">&gt;&gt;</a>&nbsp;&nbsp;&nbsp;atoi
<LI><a href="#[150]">&gt;&gt;</a>&nbsp;&nbsp;&nbsp;__2snprintf
<LI><a href="#[14a]">&gt;&gt;</a>&nbsp;&nbsp;&nbsp;strlen
</UL>
<BR>[Called By]<UL><LI><a href="#[278]">&gt;&gt;</a>&nbsp;&nbsp;&nbsp;_eXosip_handle_incoming_message
</UL>

<P><STRONG><a name="[27b]"></a>_eXosip_handle_rfc5626_ob</STRONG> (Thumb, 242 bytes, Stack size 48 bytes, udp_1.o(i._eXosip_handle_rfc5626_ob))
<BR><BR>[Stack]<UL><LI>Max Depth = 168<LI>Call Chain = _eXosip_handle_rfc5626_ob &rArr; osip_uri_param_add &rArr; osip_list_add &rArr; malloc &rArr; internal_alloc &rArr; __aeabi_memcpy
</UL>
<BR>[Calls]<UL><LI><a href="#[132]">&gt;&gt;</a>&nbsp;&nbsp;&nbsp;osip_strdup
<LI><a href="#[1ac]">&gt;&gt;</a>&nbsp;&nbsp;&nbsp;osip_uri_param_add
<LI><a href="#[269]">&gt;&gt;</a>&nbsp;&nbsp;&nbsp;osip_list_size
<LI><a href="#[19f]">&gt;&gt;</a>&nbsp;&nbsp;&nbsp;osip_list_get
<LI><a href="#[19d]">&gt;&gt;</a>&nbsp;&nbsp;&nbsp;osip_uri_param_get_byname
<LI><a href="#[150]">&gt;&gt;</a>&nbsp;&nbsp;&nbsp;__2snprintf
<LI><a href="#[1a3]">&gt;&gt;</a>&nbsp;&nbsp;&nbsp;strcmp
</UL>
<BR>[Called By]<UL><LI><a href="#[278]">&gt;&gt;</a>&nbsp;&nbsp;&nbsp;_eXosip_handle_incoming_message
</UL>

<P><STRONG><a name="[287]"></a>_eXosip_match_update_for_invite</STRONG> (Thumb, 180 bytes, Stack size 24 bytes, udp_1.o(i._eXosip_match_update_for_invite))
<BR><BR>[Stack]<UL><LI>Max Depth = 96<LI>Call Chain = _eXosip_match_update_for_invite &rArr; osip_uri_param_get_byname &rArr; strncasecmp
</UL>
<BR>[Calls]<UL><LI><a href="#[19d]">&gt;&gt;</a>&nbsp;&nbsp;&nbsp;osip_uri_param_get_byname
<LI><a href="#[1dc]">&gt;&gt;</a>&nbsp;&nbsp;&nbsp;osip_call_id_match
<LI><a href="#[25b]">&gt;&gt;</a>&nbsp;&nbsp;&nbsp;_eXosip_find_last_out_invite
<LI><a href="#[1a3]">&gt;&gt;</a>&nbsp;&nbsp;&nbsp;strcmp
</UL>
<BR>[Called By]<UL><LI><a href="#[27f]">&gt;&gt;</a>&nbsp;&nbsp;&nbsp;_eXosip_process_newrequest
</UL>

<P><STRONG><a name="[289]"></a>_eXosip_process_ack</STRONG> (Thumb, 146 bytes, Stack size 32 bytes, udp_1.o(i._eXosip_process_ack))
<BR><BR>[Stack]<UL><LI>Max Depth = 288<LI>Call Chain = _eXosip_process_ack &rArr; _eXosip_event_init_for_call &rArr; _eXosip_event_fill_messages &rArr; osip_message_clone &rArr; osip_from_clone &rArr; osip_uri_clone &rArr; osip_list_clone &rArr; osip_list_add &rArr; malloc &rArr; internal_alloc &rArr; __aeabi_memcpy
</UL>
<BR>[Calls]<UL><LI><a href="#[217]">&gt;&gt;</a>&nbsp;&nbsp;&nbsp;osip_message_clone
<LI><a href="#[1fd]">&gt;&gt;</a>&nbsp;&nbsp;&nbsp;osip_message_free
<LI><a href="#[28b]">&gt;&gt;</a>&nbsp;&nbsp;&nbsp;osip_event_free
<LI><a href="#[1fa]">&gt;&gt;</a>&nbsp;&nbsp;&nbsp;_eXosip_find_last_inc_invite
<LI><a href="#[256]">&gt;&gt;</a>&nbsp;&nbsp;&nbsp;_eXosip_event_init_for_call
<LI><a href="#[28a]">&gt;&gt;</a>&nbsp;&nbsp;&nbsp;_eXosip_report_event
</UL>
<BR>[Called By]<UL><LI><a href="#[27f]">&gt;&gt;</a>&nbsp;&nbsp;&nbsp;_eXosip_process_newrequest
</UL>

<P><STRONG><a name="[28c]"></a>_eXosip_process_bye</STRONG> (Thumb, 202 bytes, Stack size 40 bytes, udp_1.o(i._eXosip_process_bye))
<BR><BR>[Stack]<UL><LI>Max Depth = 328<LI>Call Chain = _eXosip_process_bye &rArr; _eXosip_report_call_event &rArr; _eXosip_event_init_for_call &rArr; _eXosip_event_fill_messages &rArr; osip_message_clone &rArr; osip_from_clone &rArr; osip_uri_clone &rArr; osip_list_clone &rArr; osip_list_add &rArr; malloc &rArr; internal_alloc &rArr; __aeabi_memcpy
</UL>
<BR>[Calls]<UL><LI><a href="#[da]">&gt;&gt;</a>&nbsp;&nbsp;&nbsp;osip_message_set_content_length
<LI><a href="#[1a5]">&gt;&gt;</a>&nbsp;&nbsp;&nbsp;osip_transaction_add_event
<LI><a href="#[28d]">&gt;&gt;</a>&nbsp;&nbsp;&nbsp;osip_nist_execute
<LI><a href="#[196]">&gt;&gt;</a>&nbsp;&nbsp;&nbsp;osip_list_add
<LI><a href="#[222]">&gt;&gt;</a>&nbsp;&nbsp;&nbsp;osip_transaction_set_reserved3
<LI><a href="#[221]">&gt;&gt;</a>&nbsp;&nbsp;&nbsp;osip_transaction_set_reserved2
<LI><a href="#[200]">&gt;&gt;</a>&nbsp;&nbsp;&nbsp;osip_new_outgoing_sipmessage
<LI><a href="#[19c]">&gt;&gt;</a>&nbsp;&nbsp;&nbsp;osip_dialog_free
<LI><a href="#[201]">&gt;&gt;</a>&nbsp;&nbsp;&nbsp;_eXosip_wakeup
<LI><a href="#[223]">&gt;&gt;</a>&nbsp;&nbsp;&nbsp;_eXosip_update
<LI><a href="#[1fb]">&gt;&gt;</a>&nbsp;&nbsp;&nbsp;_eXosip_build_response_default
<LI><a href="#[28e]">&gt;&gt;</a>&nbsp;&nbsp;&nbsp;_eXosip_report_call_event
</UL>
<BR>[Called By]<UL><LI><a href="#[27f]">&gt;&gt;</a>&nbsp;&nbsp;&nbsp;_eXosip_process_newrequest
</UL>

<P><STRONG><a name="[28f]"></a>_eXosip_process_cancel</STRONG> (Thumb, 682 bytes, Stack size 56 bytes, udp_1.o(i._eXosip_process_cancel))
<BR><BR>[Stack]<UL><LI>Max Depth = 312<LI>Call Chain = _eXosip_process_cancel &rArr; _eXosip_build_response_default &rArr; osip_from_clone &rArr; osip_uri_clone &rArr; osip_list_clone &rArr; osip_list_add &rArr; malloc &rArr; internal_alloc &rArr; __aeabi_memcpy
</UL>
<BR>[Calls]<UL><LI><a href="#[da]">&gt;&gt;</a>&nbsp;&nbsp;&nbsp;osip_message_set_content_length
<LI><a href="#[1a5]">&gt;&gt;</a>&nbsp;&nbsp;&nbsp;osip_transaction_add_event
<LI><a href="#[1d4]">&gt;&gt;</a>&nbsp;&nbsp;&nbsp;osip_list_get_next
<LI><a href="#[1d2]">&gt;&gt;</a>&nbsp;&nbsp;&nbsp;osip_list_get_first
<LI><a href="#[196]">&gt;&gt;</a>&nbsp;&nbsp;&nbsp;osip_list_add
<LI><a href="#[222]">&gt;&gt;</a>&nbsp;&nbsp;&nbsp;osip_transaction_set_reserved3
<LI><a href="#[221]">&gt;&gt;</a>&nbsp;&nbsp;&nbsp;osip_transaction_set_reserved2
<LI><a href="#[200]">&gt;&gt;</a>&nbsp;&nbsp;&nbsp;osip_new_outgoing_sipmessage
<LI><a href="#[201]">&gt;&gt;</a>&nbsp;&nbsp;&nbsp;_eXosip_wakeup
<LI><a href="#[1fb]">&gt;&gt;</a>&nbsp;&nbsp;&nbsp;_eXosip_build_response_default
<LI><a href="#[1f0]">&gt;&gt;</a>&nbsp;&nbsp;&nbsp;_cancel_match_invite
</UL>
<BR>[Called By]<UL><LI><a href="#[27f]">&gt;&gt;</a>&nbsp;&nbsp;&nbsp;_eXosip_process_newrequest
</UL>

<P><STRONG><a name="[290]"></a>_eXosip_process_message_within_dialog</STRONG> (Thumb, 48 bytes, Stack size 24 bytes, udp_1.o(i._eXosip_process_message_within_dialog))
<BR><BR>[Stack]<UL><LI>Max Depth = 120<LI>Call Chain = _eXosip_process_message_within_dialog &rArr; osip_list_add &rArr; malloc &rArr; internal_alloc &rArr; __aeabi_memcpy
</UL>
<BR>[Calls]<UL><LI><a href="#[196]">&gt;&gt;</a>&nbsp;&nbsp;&nbsp;osip_list_add
<LI><a href="#[222]">&gt;&gt;</a>&nbsp;&nbsp;&nbsp;osip_transaction_set_reserved3
<LI><a href="#[221]">&gt;&gt;</a>&nbsp;&nbsp;&nbsp;osip_transaction_set_reserved2
<LI><a href="#[201]">&gt;&gt;</a>&nbsp;&nbsp;&nbsp;_eXosip_wakeup
</UL>
<BR>[Called By]<UL><LI><a href="#[27f]">&gt;&gt;</a>&nbsp;&nbsp;&nbsp;_eXosip_process_newrequest
</UL>

<P><STRONG><a name="[291]"></a>_eXosip_process_new_invite</STRONG> (Thumb, 464 bytes, Stack size 48 bytes, udp_1.o(i._eXosip_process_new_invite))
<BR><BR>[Stack]<UL><LI>Max Depth = 2144<LI>Call Chain = _eXosip_process_new_invite &rArr; _eXosip_complete_answer_that_establish_a_dialog &rArr; osip_message_set_contact &rArr; osip_contact_parse &rArr; osip_from_parse &rArr; osip_uri_parse &rArr; osip_uri_parse_headers &rArr; __osip_uri_unescape &rArr; __0sscanf &rArr; __vfscanf_char &rArr; __vfscanf &rArr; _scanf_int
</UL>
<BR>[Calls]<UL><LI><a href="#[da]">&gt;&gt;</a>&nbsp;&nbsp;&nbsp;osip_message_set_content_length
<LI><a href="#[1a5]">&gt;&gt;</a>&nbsp;&nbsp;&nbsp;osip_transaction_add_event
<LI><a href="#[292]">&gt;&gt;</a>&nbsp;&nbsp;&nbsp;osip_ist_execute
<LI><a href="#[1fd]">&gt;&gt;</a>&nbsp;&nbsp;&nbsp;osip_message_free
<LI><a href="#[196]">&gt;&gt;</a>&nbsp;&nbsp;&nbsp;osip_list_add
<LI><a href="#[19d]">&gt;&gt;</a>&nbsp;&nbsp;&nbsp;osip_uri_param_get_byname
<LI><a href="#[222]">&gt;&gt;</a>&nbsp;&nbsp;&nbsp;osip_transaction_set_reserved3
<LI><a href="#[221]">&gt;&gt;</a>&nbsp;&nbsp;&nbsp;osip_transaction_set_reserved2
<LI><a href="#[200]">&gt;&gt;</a>&nbsp;&nbsp;&nbsp;osip_new_outgoing_sipmessage
<LI><a href="#[201]">&gt;&gt;</a>&nbsp;&nbsp;&nbsp;_eXosip_wakeup
<LI><a href="#[223]">&gt;&gt;</a>&nbsp;&nbsp;&nbsp;_eXosip_update
<LI><a href="#[1fc]">&gt;&gt;</a>&nbsp;&nbsp;&nbsp;_eXosip_complete_answer_that_establish_a_dialog
<LI><a href="#[214]">&gt;&gt;</a>&nbsp;&nbsp;&nbsp;_eXosip_call_init
<LI><a href="#[1fb]">&gt;&gt;</a>&nbsp;&nbsp;&nbsp;_eXosip_build_response_default
<LI><a href="#[28e]">&gt;&gt;</a>&nbsp;&nbsp;&nbsp;_eXosip_report_call_event
<LI><a href="#[225]">&gt;&gt;</a>&nbsp;&nbsp;&nbsp;_eXosip_check_allow_header
<LI><a href="#[24f]">&gt;&gt;</a>&nbsp;&nbsp;&nbsp;_eXosip_dialog_init_as_uas
</UL>
<BR>[Called By]<UL><LI><a href="#[27f]">&gt;&gt;</a>&nbsp;&nbsp;&nbsp;_eXosip_process_newrequest
</UL>

<P><STRONG><a name="[27f]"></a>_eXosip_process_newrequest</STRONG> (Thumb, 1768 bytes, Stack size 72 bytes, udp_1.o(i._eXosip_process_newrequest))
<BR><BR>[Stack]<UL><LI>Max Depth = 2216<LI>Call Chain = _eXosip_process_newrequest &rArr; _eXosip_process_new_invite &rArr; _eXosip_complete_answer_that_establish_a_dialog &rArr; osip_message_set_contact &rArr; osip_contact_parse &rArr; osip_from_parse &rArr; osip_uri_parse &rArr; osip_uri_parse_headers &rArr; __osip_uri_unescape &rArr; __0sscanf &rArr; __vfscanf_char &rArr; __vfscanf &rArr; _scanf_int
</UL>
<BR>[Calls]<UL><LI><a href="#[1a5]">&gt;&gt;</a>&nbsp;&nbsp;&nbsp;osip_transaction_add_event
<LI><a href="#[294]">&gt;&gt;</a>&nbsp;&nbsp;&nbsp;osip_dialog_match_as_uas
<LI><a href="#[196]">&gt;&gt;</a>&nbsp;&nbsp;&nbsp;osip_list_add
<LI><a href="#[19d]">&gt;&gt;</a>&nbsp;&nbsp;&nbsp;osip_uri_param_get_byname
<LI><a href="#[221]">&gt;&gt;</a>&nbsp;&nbsp;&nbsp;osip_transaction_set_reserved2
<LI><a href="#[293]">&gt;&gt;</a>&nbsp;&nbsp;&nbsp;osip_transaction_set_out_socket
<LI><a href="#[28b]">&gt;&gt;</a>&nbsp;&nbsp;&nbsp;osip_event_free
<LI><a href="#[297]">&gt;&gt;</a>&nbsp;&nbsp;&nbsp;osip_dialog_update_route_set_as_uas
<LI><a href="#[296]">&gt;&gt;</a>&nbsp;&nbsp;&nbsp;osip_dialog_update_osip_cseq_as_uas
<LI><a href="#[24d]">&gt;&gt;</a>&nbsp;&nbsp;&nbsp;osip_dialog_init_as_uac_with_remote_request
<LI><a href="#[19c]">&gt;&gt;</a>&nbsp;&nbsp;&nbsp;osip_dialog_free
<LI><a href="#[283]">&gt;&gt;</a>&nbsp;&nbsp;&nbsp;_eXosip_transaction_free
<LI><a href="#[201]">&gt;&gt;</a>&nbsp;&nbsp;&nbsp;_eXosip_wakeup
<LI><a href="#[220]">&gt;&gt;</a>&nbsp;&nbsp;&nbsp;_eXosip_transaction_init
<LI><a href="#[25b]">&gt;&gt;</a>&nbsp;&nbsp;&nbsp;_eXosip_find_last_out_invite
<LI><a href="#[1fa]">&gt;&gt;</a>&nbsp;&nbsp;&nbsp;_eXosip_find_last_inc_invite
<LI><a href="#[110]">&gt;&gt;</a>&nbsp;&nbsp;&nbsp;atoi
<LI><a href="#[107]">&gt;&gt;</a>&nbsp;&nbsp;&nbsp;strcasecmp
<LI><a href="#[1a3]">&gt;&gt;</a>&nbsp;&nbsp;&nbsp;strcmp
<LI><a href="#[295]">&gt;&gt;</a>&nbsp;&nbsp;&nbsp;_eXosip_send_default_answer
<LI><a href="#[298]">&gt;&gt;</a>&nbsp;&nbsp;&nbsp;_eXosip_process_reinvite
<LI><a href="#[291]">&gt;&gt;</a>&nbsp;&nbsp;&nbsp;_eXosip_process_new_invite
<LI><a href="#[290]">&gt;&gt;</a>&nbsp;&nbsp;&nbsp;_eXosip_process_message_within_dialog
<LI><a href="#[28f]">&gt;&gt;</a>&nbsp;&nbsp;&nbsp;_eXosip_process_cancel
<LI><a href="#[28c]">&gt;&gt;</a>&nbsp;&nbsp;&nbsp;_eXosip_process_bye
<LI><a href="#[289]">&gt;&gt;</a>&nbsp;&nbsp;&nbsp;_eXosip_process_ack
<LI><a href="#[287]">&gt;&gt;</a>&nbsp;&nbsp;&nbsp;_eXosip_match_update_for_invite
<LI><a href="#[25c]">&gt;&gt;</a>&nbsp;&nbsp;&nbsp;_eXosip_find_last_out_transaction
<LI><a href="#[259]">&gt;&gt;</a>&nbsp;&nbsp;&nbsp;_eXosip_find_last_inc_transaction
</UL>
<BR>[Called By]<UL><LI><a href="#[278]">&gt;&gt;</a>&nbsp;&nbsp;&nbsp;_eXosip_handle_incoming_message
</UL>

<P><STRONG><a name="[298]"></a>_eXosip_process_reinvite</STRONG> (Thumb, 60 bytes, Stack size 24 bytes, udp_1.o(i._eXosip_process_reinvite))
<BR><BR>[Stack]<UL><LI>Max Depth = 312<LI>Call Chain = _eXosip_process_reinvite &rArr; _eXosip_report_call_event &rArr; _eXosip_event_init_for_call &rArr; _eXosip_event_fill_messages &rArr; osip_message_clone &rArr; osip_from_clone &rArr; osip_uri_clone &rArr; osip_list_clone &rArr; osip_list_add &rArr; malloc &rArr; internal_alloc &rArr; __aeabi_memcpy
</UL>
<BR>[Calls]<UL><LI><a href="#[292]">&gt;&gt;</a>&nbsp;&nbsp;&nbsp;osip_ist_execute
<LI><a href="#[196]">&gt;&gt;</a>&nbsp;&nbsp;&nbsp;osip_list_add
<LI><a href="#[222]">&gt;&gt;</a>&nbsp;&nbsp;&nbsp;osip_transaction_set_reserved3
<LI><a href="#[221]">&gt;&gt;</a>&nbsp;&nbsp;&nbsp;osip_transaction_set_reserved2
<LI><a href="#[28e]">&gt;&gt;</a>&nbsp;&nbsp;&nbsp;_eXosip_report_call_event
</UL>
<BR>[Called By]<UL><LI><a href="#[27f]">&gt;&gt;</a>&nbsp;&nbsp;&nbsp;_eXosip_process_newrequest
</UL>

<P><STRONG><a name="[280]"></a>_eXosip_process_response_out_of_transaction</STRONG> (Thumb, 702 bytes, Stack size 56 bytes, udp_1.o(i._eXosip_process_response_out_of_transaction))
<BR><BR>[Stack]<UL><LI>Max Depth = 592<LI>Call Chain = _eXosip_process_response_out_of_transaction &rArr; _eXosip_generating_bye &rArr; _eXosip_build_request_within_dialog &rArr; _eXosip_dialog_add_contact &rArr; osip_message_set_contact &rArr; osip_contact_parse &rArr; osip_from_parse &rArr; osip_uri_parse &rArr; osip_uri_parse_headers &rArr; __osip_uri_unescape &rArr; __0sscanf &rArr; __vfscanf_char &rArr; __vfscanf &rArr; _scanf_int
</UL>
<BR>[Calls]<UL><LI><a href="#[1fd]">&gt;&gt;</a>&nbsp;&nbsp;&nbsp;osip_message_free
<LI><a href="#[196]">&gt;&gt;</a>&nbsp;&nbsp;&nbsp;osip_list_add
<LI><a href="#[b4]">&gt;&gt;</a>&nbsp;&nbsp;&nbsp;osip_authorization_clone
<LI><a href="#[19d]">&gt;&gt;</a>&nbsp;&nbsp;&nbsp;osip_uri_param_get_byname
<LI><a href="#[1af]">&gt;&gt;</a>&nbsp;&nbsp;&nbsp;osip_message_get_knownheaderlist
<LI><a href="#[28b]">&gt;&gt;</a>&nbsp;&nbsp;&nbsp;osip_event_free
<LI><a href="#[24e]">&gt;&gt;</a>&nbsp;&nbsp;&nbsp;osip_dialog_init_as_uac
<LI><a href="#[19c]">&gt;&gt;</a>&nbsp;&nbsp;&nbsp;osip_dialog_free
<LI><a href="#[299]">&gt;&gt;</a>&nbsp;&nbsp;&nbsp;_eXosip_snd_message
<LI><a href="#[25f]">&gt;&gt;</a>&nbsp;&nbsp;&nbsp;_eXosip_generating_bye
<LI><a href="#[202]">&gt;&gt;</a>&nbsp;&nbsp;&nbsp;_eXosip_build_request_within_dialog
<LI><a href="#[107]">&gt;&gt;</a>&nbsp;&nbsp;&nbsp;strcasecmp
<LI><a href="#[1a3]">&gt;&gt;</a>&nbsp;&nbsp;&nbsp;strcmp
</UL>
<BR>[Called By]<UL><LI><a href="#[278]">&gt;&gt;</a>&nbsp;&nbsp;&nbsp;_eXosip_handle_incoming_message
</UL>

<P><STRONG><a name="[295]"></a>_eXosip_send_default_answer</STRONG> (Thumb, 212 bytes, Stack size 64 bytes, udp_1.o(i._eXosip_send_default_answer))
<BR><BR>[Stack]<UL><LI>Max Depth = 320<LI>Call Chain = _eXosip_send_default_answer &rArr; _eXosip_build_response_default &rArr; osip_from_clone &rArr; osip_uri_clone &rArr; osip_list_clone &rArr; osip_list_add &rArr; malloc &rArr; internal_alloc &rArr; __aeabi_memcpy
</UL>
<BR>[Calls]<UL><LI><a href="#[132]">&gt;&gt;</a>&nbsp;&nbsp;&nbsp;osip_strdup
<LI><a href="#[263]">&gt;&gt;</a>&nbsp;&nbsp;&nbsp;osip_message_set_reason_phrase
<LI><a href="#[20a]">&gt;&gt;</a>&nbsp;&nbsp;&nbsp;osip_message_set_header
<LI><a href="#[da]">&gt;&gt;</a>&nbsp;&nbsp;&nbsp;osip_message_set_content_length
<LI><a href="#[1a5]">&gt;&gt;</a>&nbsp;&nbsp;&nbsp;osip_transaction_add_event
<LI><a href="#[221]">&gt;&gt;</a>&nbsp;&nbsp;&nbsp;osip_transaction_set_reserved2
<LI><a href="#[200]">&gt;&gt;</a>&nbsp;&nbsp;&nbsp;osip_new_outgoing_sipmessage
<LI><a href="#[2a3]">&gt;&gt;</a>&nbsp;&nbsp;&nbsp;osip_message_get_reason_phrase
<LI><a href="#[201]">&gt;&gt;</a>&nbsp;&nbsp;&nbsp;_eXosip_wakeup
<LI><a href="#[1fb]">&gt;&gt;</a>&nbsp;&nbsp;&nbsp;_eXosip_build_response_default
<LI><a href="#[131]">&gt;&gt;</a>&nbsp;&nbsp;&nbsp;free
<LI><a href="#[1a3]">&gt;&gt;</a>&nbsp;&nbsp;&nbsp;strcmp
</UL>
<BR>[Called By]<UL><LI><a href="#[27f]">&gt;&gt;</a>&nbsp;&nbsp;&nbsp;_eXosip_process_newrequest
</UL>

<P><STRONG><a name="[27d]"></a>udp_tl_learn_port_from_via</STRONG> (Thumb, 344 bytes, Stack size 552 bytes, udp_1.o(i.udp_tl_learn_port_from_via))
<BR><BR>[Stack]<UL><LI>Max Depth = 912<LI>Call Chain = udp_tl_learn_port_from_via &rArr; eXosip_set_option &rArr; _eXosip_get_addrinfo &rArr; osip_ip2addr &rArr; osip_he2ai &rArr; calloc &rArr; malloc &rArr; internal_alloc &rArr; __aeabi_memcpy
</UL>
<BR>[Calls]<UL><LI><a href="#[128]">&gt;&gt;</a>&nbsp;&nbsp;&nbsp;eXosip_set_option
<LI><a href="#[19d]">&gt;&gt;</a>&nbsp;&nbsp;&nbsp;osip_uri_param_get_byname
<LI><a href="#[1af]">&gt;&gt;</a>&nbsp;&nbsp;&nbsp;osip_message_get_knownheaderlist
<LI><a href="#[110]">&gt;&gt;</a>&nbsp;&nbsp;&nbsp;atoi
<LI><a href="#[150]">&gt;&gt;</a>&nbsp;&nbsp;&nbsp;__2snprintf
<LI><a href="#[107]">&gt;&gt;</a>&nbsp;&nbsp;&nbsp;strcasecmp
<LI><a href="#[19b]">&gt;&gt;</a>&nbsp;&nbsp;&nbsp;__aeabi_memclr4
</UL>
<BR>[Called By]<UL><LI><a href="#[278]">&gt;&gt;</a>&nbsp;&nbsp;&nbsp;_eXosip_handle_incoming_message
</UL>

<P><STRONG><a name="[2b4]"></a>_fp_digits</STRONG> (Thumb, 366 bytes, Stack size 64 bytes, printfa.o(i._fp_digits), UNUSED)
<BR><BR>[Calls]<UL><LI><a href="#[11b]">&gt;&gt;</a>&nbsp;&nbsp;&nbsp;__aeabi_dmul
<LI><a href="#[11c]">&gt;&gt;</a>&nbsp;&nbsp;&nbsp;__aeabi_ddiv
<LI><a href="#[115]">&gt;&gt;</a>&nbsp;&nbsp;&nbsp;__aeabi_dadd
<LI><a href="#[11d]">&gt;&gt;</a>&nbsp;&nbsp;&nbsp;__aeabi_d2ulz
<LI><a href="#[2b5]">&gt;&gt;</a>&nbsp;&nbsp;&nbsp;__aeabi_cdrcmple
<LI><a href="#[100]">&gt;&gt;</a>&nbsp;&nbsp;&nbsp;__aeabi_uldivmod
</UL>
<BR>[Called By]<UL><LI><a href="#[190]">&gt;&gt;</a>&nbsp;&nbsp;&nbsp;_printf_core
</UL>

<P><STRONG><a name="[190]"></a>_printf_core</STRONG> (Thumb, 1744 bytes, Stack size 136 bytes, printfa.o(i._printf_core), UNUSED)
<BR><BR>[Calls]<UL><LI><a href="#[2c4]">&gt;&gt;</a>&nbsp;&nbsp;&nbsp;__aeabi_uidivmod
<LI><a href="#[2c2]">&gt;&gt;</a>&nbsp;&nbsp;&nbsp;_printf_pre_padding
<LI><a href="#[2c3]">&gt;&gt;</a>&nbsp;&nbsp;&nbsp;_printf_post_padding
<LI><a href="#[2b4]">&gt;&gt;</a>&nbsp;&nbsp;&nbsp;_fp_digits
<LI><a href="#[100]">&gt;&gt;</a>&nbsp;&nbsp;&nbsp;__aeabi_uldivmod
</UL>
<BR>[Called By]<UL><LI><a href="#[193]">&gt;&gt;</a>&nbsp;&nbsp;&nbsp;__0vsnprintf
<LI><a href="#[192]">&gt;&gt;</a>&nbsp;&nbsp;&nbsp;__0sprintf
<LI><a href="#[191]">&gt;&gt;</a>&nbsp;&nbsp;&nbsp;__0snprintf
<LI><a href="#[18f]">&gt;&gt;</a>&nbsp;&nbsp;&nbsp;__0printf
</UL>

<P><STRONG><a name="[2c3]"></a>_printf_post_padding</STRONG> (Thumb, 36 bytes, Stack size 24 bytes, printfa.o(i._printf_post_padding), UNUSED)
<BR><BR>[Called By]<UL><LI><a href="#[190]">&gt;&gt;</a>&nbsp;&nbsp;&nbsp;_printf_core
</UL>

<P><STRONG><a name="[2c2]"></a>_printf_pre_padding</STRONG> (Thumb, 46 bytes, Stack size 24 bytes, printfa.o(i._printf_pre_padding), UNUSED)
<BR><BR>[Called By]<UL><LI><a href="#[190]">&gt;&gt;</a>&nbsp;&nbsp;&nbsp;_printf_core
</UL>

<P><STRONG><a name="[a2]"></a>_snputc</STRONG> (Thumb, 22 bytes, Stack size 0 bytes, printfa.o(i._snputc))
<BR>[Address Reference Count : 2]<UL><LI> printfa.o(i.__0snprintf)
<LI> printfa.o(i.__0vsnprintf)
</UL>
<P><STRONG><a name="[a3]"></a>_sputc</STRONG> (Thumb, 10 bytes, Stack size 0 bytes, printfa.o(i._sputc))
<BR><BR>[Called By]<UL><LI><a href="#[192]">&gt;&gt;</a>&nbsp;&nbsp;&nbsp;__0sprintf
</UL>
<BR>[Address Reference Count : 1]<UL><LI> printfa.o(i.__0sprintf)
</UL>
<P><STRONG><a name="[194]"></a>internal_alloc</STRONG> (Thumb, 76 bytes, Stack size 24 bytes, mallocr.o(i.internal_alloc))
<BR><BR>[Stack]<UL><LI>Max Depth = 32<LI>Call Chain = internal_alloc &rArr; __aeabi_memcpy
</UL>
<BR>[Calls]<UL><LI><a href="#[152]">&gt;&gt;</a>&nbsp;&nbsp;&nbsp;__aeabi_memcpy
</UL>
<BR>[Called By]<UL><LI><a href="#[1eb]">&gt;&gt;</a>&nbsp;&nbsp;&nbsp;realloc
<LI><a href="#[10b]">&gt;&gt;</a>&nbsp;&nbsp;&nbsp;malloc
</UL>

<P><STRONG><a name="[9c]"></a>_scanf_char_input</STRONG> (Thumb, 12 bytes, Stack size 0 bytes, scanf_char.o(.text))
<BR>[Address Reference Count : 1]<UL><LI> scanf_char.o(.text)
</UL><P>
<H3>
Undefined Global Symbols
</H3><HR></body></html>
